Component: ARM Compiler 5.06 update 6 (build 750) Tool: armlink [4d35ed]

==============================================================================

Section Cross References

    startup_stm32f407xx.o(RESET) refers to startup_stm32f407xx.o(STACK) for __initial_sp
    startup_stm32f407xx.o(RESET) refers to startup_stm32f407xx.o(.text) for Reset_Handler
    startup_stm32f407xx.o(RESET) refers to stm32f4xx_it.o(i.NMI_Handler) for NMI_Handler
    startup_stm32f407xx.o(RESET) refers to stm32f4xx_it.o(i.HardFault_Handler) for HardFault_Handler
    startup_stm32f407xx.o(RESET) refers to stm32f4xx_it.o(i.MemManage_Handler) for MemManage_Handler
    startup_stm32f407xx.o(RESET) refers to stm32f4xx_it.o(i.BusFault_Handler) for BusFault_Handler
    startup_stm32f407xx.o(RESET) refers to stm32f4xx_it.o(i.UsageFault_Handler) for UsageFault_Handler
    startup_stm32f407xx.o(RESET) refers to stm32f4xx_it.o(i.SVC_Handler) for SVC_Handler
    startup_stm32f407xx.o(RESET) refers to stm32f4xx_it.o(i.DebugMon_Handler) for DebugMon_Handler
    startup_stm32f407xx.o(RESET) refers to stm32f4xx_it.o(i.PendSV_Handler) for PendSV_Handler
    startup_stm32f407xx.o(RESET) refers to stm32f4xx_it.o(i.SysTick_Handler) for SysTick_Handler
    startup_stm32f407xx.o(RESET) refers to stm32f4xx_it.o(i.DMA1_Stream1_IRQHandler) for DMA1_Stream1_IRQHandler
    startup_stm32f407xx.o(RESET) refers to stm32f4xx_it.o(i.DMA1_Stream2_IRQHandler) for DMA1_Stream2_IRQHandler
    startup_stm32f407xx.o(RESET) refers to stm32f4xx_it.o(i.DMA1_Stream5_IRQHandler) for DMA1_Stream5_IRQHandler
    startup_stm32f407xx.o(RESET) refers to stm32f4xx_it.o(i.TIM3_IRQHandler) for TIM3_IRQHandler
    startup_stm32f407xx.o(RESET) refers to stm32f4xx_it.o(i.DMA2_Stream0_IRQHandler) for DMA2_Stream0_IRQHandler
    startup_stm32f407xx.o(.text) refers to system_stm32f4xx.o(i.SystemInit) for SystemInit
    startup_stm32f407xx.o(.text) refers to entry.o(.ARM.Collect$$$$00000000) for __main
    4_banh_omi.o(i.chinh_robot) refers to 4_banh_omi.o(i.di_chuyen) for di_chuyen
    4_banh_omi.o(i.chinh_robot) refers to 4_banh_omi.o(i.dung) for dung
    4_banh_omi.o(i.chinh_robot) refers to 4_banh_omi.o(.data) for .data
    4_banh_omi.o(i.di_chuyen) refers to 4_banh_omi.o(i.tinh_he_so) for tinh_he_so
    4_banh_omi.o(i.di_chuyen) refers to cosf.o(i.__hardfp_cosf) for __hardfp_cosf
    4_banh_omi.o(i.di_chuyen) refers to 4_banh_omi.o(i.maxF4) for maxF4
    4_banh_omi.o(i.di_chuyen) refers to 4_banh_omi.o(i.set_motor) for set_motor
    4_banh_omi.o(i.di_chuyen) refers to 4_banh_omi.o(.data) for .data
    4_banh_omi.o(i.di_chuyen) refers to config_uart.o(.data) for goc
    4_banh_omi.o(i.dung) refers to 4_banh_omi.o(i.set_motor) for set_motor
    4_banh_omi.o(i.dung) refers to 4_banh_omi.o(.data) for .data
    4_banh_omi.o(i.phanh_robot) refers to 4_banh_omi.o(i.set_motor) for set_motor
    4_banh_omi.o(i.phanh_robot) refers to 4_banh_omi.o(.data) for .data
    4_banh_omi.o(i.robot_run) refers to 4_banh_omi.o(.data) for .data
    4_banh_omi.o(i.robot_stop) refers to 4_banh_omi.o(.data) for .data
    4_banh_omi.o(i.send_PID) refers to stm32f4xx_hal_uart.o(i.HAL_UART_Transmit) for HAL_UART_Transmit
    4_banh_omi.o(i.send_PID) refers to 4_banh_omi.o(.data) for .data
    4_banh_omi.o(i.send_PID) refers to config_uart.o(.bss) for huart4
    4_banh_omi.o(i.set_motor) refers to 4_banh_omi.o(i.send_PID) for send_PID
    4_banh_omi.o(i.set_motor) refers to 4_banh_omi.o(.data) for .data
    4_banh_omi.o(i.tinh_he_so) refers to 4_banh_omi.o(i.gioi_han) for gioi_han
    4_banh_omi.o(i.tinh_he_so) refers to config_uart.o(.data) for goc
    4_banh_omi.o(i.tinh_he_so) refers to 4_banh_omi.o(.data) for .data
    4_banh_omi.o(i.xoay_phai) refers to 4_banh_omi.o(i.set_motor) for set_motor
    4_banh_omi.o(i.xoay_phai) refers to 4_banh_omi.o(.data) for .data
    4_banh_omi.o(i.xoay_trai) refers to 4_banh_omi.o(i.set_motor) for set_motor
    4_banh_omi.o(i.xoay_trai) refers to 4_banh_omi.o(.data) for .data
    config_adc.o(i.ADC_Init) refers to stm32f4xx_hal_adc.o(i.HAL_ADC_Init) for HAL_ADC_Init
    config_adc.o(i.ADC_Init) refers to stm32f4xx_hal_adc.o(i.HAL_ADC_ConfigChannel) for HAL_ADC_ConfigChannel
    config_adc.o(i.ADC_Init) refers to config_adc.o(.bss) for .bss
    config_adc.o(i.read_sick) refers to config_adc.o(i.ADC_Init) for ADC_Init
    config_adc.o(i.read_sick) refers to stm32f4xx_hal_adc.o(i.HAL_ADC_Start_DMA) for HAL_ADC_Start_DMA
    config_adc.o(i.read_sick) refers to config_adc.o(.data) for .data
    config_adc.o(i.read_sick) refers to config_adc.o(.bss) for .bss
    config_dma.o(i.DMA_Init) refers to stm32f4xx_hal_cortex.o(i.HAL_NVIC_SetPriority) for HAL_NVIC_SetPriority
    config_dma.o(i.DMA_Init) refers to stm32f4xx_hal_cortex.o(i.HAL_NVIC_EnableIRQ) for HAL_NVIC_EnableIRQ
    config_system.o(i.GPIO_Init) refers to memseta.o(.text) for __aeabi_memclr4
    config_system.o(i.GPIO_Init) refers to stm32f4xx_hal_gpio.o(i.HAL_GPIO_WritePin) for HAL_GPIO_WritePin
[...]
    Removing stm32f4xx_hal_uart.o(i.HAL_UART_AbortReceiveCpltCallback), (2 bytes).
    Removing stm32f4xx_hal_uart.o(i.HAL_UART_AbortReceive_IT), (92 bytes).
    Removing stm32f4xx_hal_uart.o(i.HAL_UART_AbortTransmit), (78 bytes).
    Removing stm32f4xx_hal_uart.o(i.HAL_UART_AbortTransmitCpltCallback), (2 bytes).
    Removing stm32f4xx_hal_uart.o(i.HAL_UART_AbortTransmit_IT), (84 bytes).
    Removing stm32f4xx_hal_uart.o(i.HAL_UART_Abort_IT), (172 bytes).
    Removing stm32f4xx_hal_uart.o(i.HAL_UART_DMAPause), (102 bytes).
    Removing stm32f4xx_hal_uart.o(i.HAL_UART_DMAResume), (94 bytes).
    Removing stm32f4xx_hal_uart.o(i.HAL_UART_DMAStop), (88 bytes).
    Removing stm32f4xx_hal_uart.o(i.HAL_UART_DeInit), (50 bytes).
    Removing stm32f4xx_hal_uart.o(i.HAL_UART_GetError), (4 bytes).
    Removing stm32f4xx_hal_uart.o(i.HAL_UART_GetState), (10 bytes).
    Removing stm32f4xx_hal_uart.o(i.HAL_UART_IRQHandler), (276 bytes).
    Removing stm32f4xx_hal_uart.o(i.HAL_UART_MspDeInit), (2 bytes).
    Removing stm32f4xx_hal_uart.o(i.HAL_UART_MspInit), (2 bytes).
    Removing stm32f4xx_hal_uart.o(i.HAL_UART_Receive), (190 bytes).
    Removing stm32f4xx_hal_uart.o(i.HAL_UART_Receive_IT), (82 bytes).
    Removing stm32f4xx_hal_uart.o(i.HAL_UART_Transmit_DMA), (128 bytes).
    Removing stm32f4xx_hal_uart.o(i.HAL_UART_Transmit_IT), (62 bytes).
    Removing stm32f4xx_hal_uart.o(i.HAL_UART_TxCpltCallback), (2 bytes).
    Removing stm32f4xx_hal_uart.o(i.HAL_UART_TxHalfCpltCallback), (2 bytes).
    Removing stm32f4xx_hal_uart.o(i.UART_DMAAbortOnError), (16 bytes).
    Removing stm32f4xx_hal_uart.o(i.UART_DMARxAbortCallback), (42 bytes).
    Removing stm32f4xx_hal_uart.o(i.UART_DMARxOnlyAbortCallback), (20 bytes).
    Removing stm32f4xx_hal_uart.o(i.UART_DMATransmitCplt), (46 bytes).
    Removing stm32f4xx_hal_uart.o(i.UART_DMATxAbortCallback), (42 bytes).
    Removing stm32f4xx_hal_uart.o(i.UART_DMATxHalfCplt), (10 bytes).
    Removing stm32f4xx_hal_uart.o(i.UART_DMATxOnlyAbortCallback), (20 bytes).
    Removing stm32f4xx_hal_uart.o(i.UART_Receive_IT), (150 bytes).
    Removing stm32f4xx_hal_uart.o(i.UART_Transmit_IT), (98 bytes).
    Removing system_stm32f4xx.o(.rev16_text), (4 bytes).
    Removing system_stm32f4xx.o(.revsh_text), (4 bytes).
    Removing system_stm32f4xx.o(.rrx_text), (6 bytes).
    Removing system_stm32f4xx.o(i.SystemCoreClockUpdate), (120 bytes).
    Removing f2d.o(.text), (38 bytes).
    Removing dadd.o(.text), (334 bytes).
    Removing dmul.o(.text), (228 bytes).
    Removing ddiv.o(.text), (222 bytes).
    Removing dfixul.o(.text), (48 bytes).
    Removing cdrcmple.o(.text), (48 bytes).
    Removing depilogue.o(.text), (186 bytes).

489 unused section(s) (total 30036 bytes) removed from the image.

==============================================================================

Image Symbol Table

    Local Symbols

    Symbol Name                              Value     Ov Type        Size  Object(Section)

    ../Drivers/STM32F4xx_HAL_Driver/Src/stm32f4xx_hal.c 0x00000000   Number         0  stm32f4xx_hal.o ABSOLUTE
    ../Drivers/STM32F4xx_HAL_Driver/Src/stm32f4xx_hal_adc.c 0x00000000   Number         0  stm32f4xx_hal_adc.o ABSOLUTE
    ../Drivers/STM32F4xx_HAL_Driver/Src/stm32f4xx_hal_adc_ex.c 0x00000000   Number         0  stm32f4xx_hal_adc_ex.o ABSOLUTE
    ../Drivers/STM32F4xx_HAL_Driver/Src/stm32f4xx_hal_cortex.c 0x00000000   Number         0  stm32f4xx_hal_cortex.o ABSOLUTE
    ../Drivers/STM32F4xx_HAL_Driver/Src/stm32f4xx_hal_dma.c 0x00000000   Number         0  stm32f4xx_hal_dma.o ABSOLUTE
    ../Drivers/STM32F4xx_HAL_Driver/Src/stm32f4xx_hal_dma_ex.c 0x00000000   Number         0  stm32f4xx_hal_dma_ex.o ABSOLUTE
    ../Drivers/STM32F4xx_HAL_Driver/Src/stm32f4xx_hal_exti.c 0x00000000   Number         0  stm32f4xx_hal_exti.o ABSOLUTE
    ../Drivers/STM32F4xx_HAL_Driver/Src/stm32f4xx_hal_flash.c 0x00000000   Number         0  stm32f4xx_hal_flash.o ABSOLUTE
    ../Drivers/STM32F4xx_HAL_Driver/Src/stm32f4xx_hal_flash_ex.c 0x00000000   Number         0  stm32f4xx_hal_flash_ex.o ABSOLUTE
    ../Drivers/STM32F4xx_HAL_Driver/Src/stm32f4xx_hal_flash_ramfunc.c 0x00000000   Number         0  stm32f4xx_hal_flash_ramfunc.o ABSOLUTE
    ../Drivers/STM32F4xx_HAL_Driver/Src/stm32f4xx_hal_gpio.c 0x00000000   Number         0  stm32f4xx_hal_gpio.o ABSOLUTE
    ../Drivers/STM32F4xx_HAL_Driver/Src/stm32f4xx_hal_pwr.c 0x00000000   Number         0  stm32f4xx_hal_pwr.o ABSOLUTE
    ../Drivers/STM32F4xx_HAL_Driver/Src/stm32f4xx_hal_pwr_ex.c 0x00000000   Number         0  stm32f4xx_hal_pwr_ex.o ABSOLUTE
    ../Drivers/STM32F4xx_HAL_Driver/Src/stm32f4xx_hal_rcc.c 0x00000000   Number         0  stm32f4xx_hal_rcc.o ABSOLUTE
    ../Drivers/STM32F4xx_HAL_Driver/Src/stm32f4xx_hal_rcc_ex.c 0x00000000   Number         0  stm32f4xx_hal_rcc_ex.o ABSOLUTE
    ../Drivers/STM32F4xx_HAL_Driver/Src/stm32f4xx_hal_tim.c 0x00000000   Number         0  stm32f4xx_hal_tim.o ABSOLUTE
    ../Drivers/STM32F4xx_HAL_Driver/Src/stm32f4xx_hal_tim_ex.c 0x00000000   Number         0  stm32f4xx_hal_tim_ex.o ABSOLUTE
    ../Drivers/STM32F4xx_HAL_Driver/Src/stm32f4xx_hal_uart.c 0x00000000   Number         0  stm32f4xx_hal_uart.o ABSOLUTE
    ../Src/main.c                            0x00000000   Number         0  main.o ABSOLUTE
    ../Src/stm32f4xx_hal_msp.c               0x00000000   Number         0  stm32f4xx_hal_msp.o ABSOLUTE
    ../Src/stm32f4xx_it.c                    0x00000000   Number         0  stm32f4xx_it.o ABSOLUTE
    ../Src/system_stm32f4xx.c                0x00000000   Number         0  system_stm32f4xx.o ABSOLUTE
    ../clib/microlib/division.c              0x00000000   Number         0  uidiv.o ABSOLUTE
    ../clib/microlib/division.c              0x00000000   Number         0  uldiv.o ABSOLUTE
    ../clib/microlib/errno.c                 0x00000000   Number         0  errno.o ABSOLUTE
    ../clib/microlib/init/entry.s            0x00000000   Number         0  entry.o ABSOLUTE
    ../clib/microlib/init/entry.s            0x00000000   Number         0  entry11a.o ABSOLUTE
    ../clib/microlib/init/entry.s            0x00000000   Number         0  entry10a.o ABSOLUTE
    ../clib/microlib/init/entry.s            0x00000000   Number         0  entry2.o ABSOLUTE
    ../clib/microlib/init/entry.s            0x00000000   Number         0  entry9b.o ABSOLUTE
    ../clib/microlib/init/entry.s            0x00000000   Number         0  entry9a.o ABSOLUTE
    ../clib/microlib/init/entry.s            0x00000000   Number         0  entry8b.o ABSOLUTE
    ../clib/microlib/init/entry.s            0x00000000   Number         0  entry8a.o ABSOLUTE
    ../clib/microlib/init/entry.s            0x00000000   Number         0  entry7b.o ABSOLUTE
    ../clib/microlib/init/entry.s            0x00000000   Number         0  entry7a.o ABSOLUTE
    ../clib/microlib/init/entry.s            0x00000000   Number         0  entry5.o ABSOLUTE
    ../clib/microlib/init/entry.s            0x00000000   Number         0  entry11b.o ABSOLUTE
    ../clib/microlib/init/entry.s            0x00000000   Number         0  entry10b.o ABSOLUTE
    ../clib/microlib/longlong.c              0x00000000   Number         0  llsshr.o ABSOLUTE
    ../clib/microlib/longlong.c              0x00000000   Number         0  llushr.o ABSOLUTE
    ../clib/microlib/longlong.c              0x00000000   Number         0  llshl.o ABSOLUTE
    ../clib/microlib/malloc/malloc.c         0x00000000   Number         0  mallocra.o ABSOLUTE
    ../clib/microlib/malloc/malloc.c         0x00000000   Number         0  malloca.o ABSOLUTE
    ../clib/microlib/malloc/malloc.c         0x00000000   Number         0  mallocr.o ABSOLUTE
    ../clib/microlib/malloc/malloc.c         0x00000000   Number         0  malloc.o ABSOLUTE
    ../clib/microlib/malloc/mvars.c          0x00000000   Number         0  mvars.o ABSOLUTE
    ../clib/microlib/printf/printf.c         0x00000000   Number         0  printfb.o ABSOLUTE
    ../clib/microlib/printf/printf.c         0x00000000   Number         0  printf0.o ABSOLUTE
    ../clib/microlib/printf/printf.c         0x00000000   Number         0  printf1.o ABSOLUTE
    ../clib/microlib/printf/printf.c         0x00000000   Number         0  printf2.o ABSOLUTE
    ../clib/microlib/printf/printf.c         0x00000000   Number         0  printf3.o ABSOLUTE
    ../clib/microlib/printf/printf.c         0x00000000   Number         0  printf4.o ABSOLUTE
    ../clib/microlib/printf/printf.c         0x00000000   Number         0  printf5.o ABSOLUTE
    ../clib/microlib/printf/printf.c         0x00000000   Number         0  printfa.o ABSOLUTE
    ../clib/microlib/printf/printf.c         0x00000000   Number         0  printf6.o ABSOLUTE
    ../clib/microlib/printf/printf.c         0x00000000   Number         0  printf7.o ABSOLUTE
    ../clib/microlib/printf/printf.c         0x00000000   Number         0  printf8.o ABSOLUTE
    ../clib/microlib/printf/stubs.s          0x00000000   Number         0  stubs.o ABSOLUTE
    ../clib/microlib/stdio/fputc.c           0x00000000   Number         0  fputc.o ABSOLUTE
    ../clib/microlib/stdio/semi.s            0x00000000   Number         0  semi.o ABSOLUTE
    ../clib/microlib/stdio/streams.c         0x00000000   Number         0  stdout.o ABSOLUTE
    ../clib/microlib/string/memcpy.c         0x00000000   Number         0  memcpyb.o ABSOLUTE
    ../clib/microlib/string/memcpy.c         0x00000000   Number         0  memcpya.o ABSOLUTE
    ../clib/microlib/string/memset.c         0x00000000   Number         0  memseta.o ABSOLUTE
    ../clib/microlib/stubs.s                 0x00000000   Number         0  iusefp.o ABSOLUTE
    ../clib/microlib/stubs.s                 0x00000000   Number         0  iusesemip.o ABSOLUTE
    ../fplib/microlib/f2d.c                  0x00000000   Number         0  f2d.o ABSOLUTE
    ../fplib/microlib/fpadd.c                0x00000000   Number         0  dadd.o ABSOLUTE
    ../fplib/microlib/fpdiv.c                0x00000000   Number         0  ddiv.o ABSOLUTE
    ../fplib/microlib/fpepilogue.c           0x00000000   Number         0  depilogue.o ABSOLUTE
    ../fplib/microlib/fpfix.c                0x00000000   Number         0  dfixul.o ABSOLUTE
    ../fplib/microlib/fpmul.c                0x00000000   Number         0  dmul.o ABSOLUTE
    ../mathlib/cosf.c                        0x00000000   Number         0  cosf.o ABSOLUTE
    ../mathlib/cosf.c                        0x00000000   Number         0  cosf_x.o ABSOLUTE
    ../mathlib/funder.c                      0x00000000   Number         0  funder.o ABSOLUTE
    ../mathlib/rredf.c                       0x00000000   Number         0  rredf.o ABSOLUTE
    ..\Drivers\STM32F4xx_HAL_Driver\Src\stm32f4xx_hal.c 0x00000000   Number         0  stm32f4xx_hal.o ABSOLUTE
    ..\Drivers\STM32F4xx_HAL_Driver\Src\stm32f4xx_hal_adc.c 0x00000000   Number         0  stm32f4xx_hal_adc.o ABSOLUTE
    ..\Drivers\STM32F4xx_HAL_Driver\Src\stm32f4xx_hal_adc_ex.c 0x00000000   Number         0  stm32f4xx_hal_adc_ex.o ABSOLUTE
    ..\Drivers\STM32F4xx_HAL_Driver\Src\stm32f4xx_hal_cortex.c 0x00000000   Number         0  stm32f4xx_hal_cortex.o ABSOLUTE
    ..\Drivers\STM32F4xx_HAL_Driver\Src\stm32f4xx_hal_dma.c 0x00000000   Number         0  stm32f4xx_hal_dma.o ABSOLUTE
    ..\Drivers\STM32F4xx_HAL_Driver\Src\stm32f4xx_hal_dma_ex.c 0x00000000   Number         0  stm32f4xx_hal_dma_ex.o ABSOLUTE
    ..\Drivers\STM32F4xx_HAL_Driver\Src\stm32f4xx_hal_exti.c 0x00000000   Number         0  stm32f4xx_hal_exti.o ABSOLUTE
    ..\Drivers\STM32F4xx_HAL_Driver\Src\stm32f4xx_hal_flash.c 0x00000000   Number         0  stm32f4xx_hal_flash.o ABSOLUTE
    ..\Drivers\STM32F4xx_HAL_Driver\Src\stm32f4xx_hal_flash_ex.c 0x00000000   Number         0  stm32f4xx_hal_flash_ex.o ABSOLUTE
    ..\Drivers\STM32F4xx_HAL_Driver\Src\stm32f4xx_hal_flash_ramfunc.c 0x00000000   Number         0  stm32f4xx_hal_flash_ramfunc.o ABSOLUTE
    ..\Drivers\STM32F4xx_HAL_Driver\Src\stm32f4xx_hal_gpio.c 0x00000000   Number         0  stm32f4xx_hal_gpio.o ABSOLUTE
    ..\Drivers\STM32F4xx_HAL_Driver\Src\stm32f4xx_hal_pwr.c 0x00000000   Number         0  stm32f4xx_hal_pwr.o ABSOLUTE
    ..\Drivers\STM32F4xx_HAL_Driver\Src\stm32f4xx_hal_pwr_ex.c 0x00000000   Number         0  stm32f4xx_hal_pwr_ex.o ABSOLUTE
    ..\Drivers\STM32F4xx_HAL_Driver\Src\stm32f4xx_hal_rcc.c 0x00000000   Number         0  stm32f4xx_hal_rcc.o ABSOLUTE
    ..\Drivers\STM32F4xx_HAL_Driver\Src\stm32f4xx_hal_rcc_ex.c 0x00000000   Number         0  stm32f4xx_hal_rcc_ex.o ABSOLUTE
    ..\Drivers\STM32F4xx_HAL_Driver\Src\stm32f4xx_hal_tim.c 0x00000000   Number         0  stm32f4xx_hal_tim.o ABSOLUTE
    ..\Drivers\STM32F4xx_HAL_Driver\Src\stm32f4xx_hal_tim_ex.c 0x00000000   Number         0  stm32f4xx_hal_tim_ex.o ABSOLUTE
    ..\Drivers\STM32F4xx_HAL_Driver\Src\stm32f4xx_hal_uart.c 0x00000000   Number         0  stm32f4xx_hal_uart.o ABSOLUTE
    ..\Src\4_banh_omi.c                      0x00000000   Number         0  4_banh_omi.o ABSOLUTE
    ..\Src\config_DMA.c                      0x00000000   Number         0  config_dma.o ABSOLUTE
    ..\Src\config_adc.c                      0x00000000   Number         0  config_adc.o ABSOLUTE
    ..\Src\config_system.c                   0x00000000   Number         0  config_system.o ABSOLUTE
    ..\Src\config_tim.c                      0x00000000   Number         0  config_tim.o ABSOLUTE
    ..\Src\config_uart.c                     0x00000000   Number         0  config_uart.o ABSOLUTE
    ..\Src\lcd.c                             0x00000000   Number         0  lcd.o ABSOLUTE
    ..\Src\main.c                            0x00000000   Number         0  main.o ABSOLUTE
    ..\Src\ps2.c                             0x00000000   Number         0  ps2.o ABSOLUTE
    ..\Src\stm32f4xx_hal_msp.c               0x00000000   Number         0  stm32f4xx_hal_msp.o ABSOLUTE
    ..\Src\stm32f4xx_it.c                    0x00000000   Number         0  stm32f4xx_it.o ABSOLUTE
    ..\Src\system_stm32f4xx.c                0x00000000   Number         0  system_stm32f4xx.o ABSOLUTE
    ..\Src\tm_stm32_delay.c                  0x00000000   Number         0  tm_stm32_delay.o ABSOLUTE
    ..\\Src\\4_banh_omi.c                    0x00000000   Number         0  4_banh_omi.o ABSOLUTE
    ..\\Src\\config_DMA.c                    0x00000000   Number         0  config_dma.o ABSOLUTE
    ..\\Src\\config_adc.c                    0x00000000   Number         0  config_adc.o ABSOLUTE
    ..\\Src\\config_system.c                 0x00000000   Number         0  config_system.o ABSOLUTE
    ..\\Src\\config_tim.c                    0x00000000   Number         0  config_tim.o ABSOLUTE
    ..\\Src\\config_uart.c                   0x00000000   Number         0  config_uart.o ABSOLUTE
    ..\\Src\\lcd.c                           0x00000000   Number         0  lcd.o ABSOLUTE
    ..\\Src\\ps2.c                           0x00000000   Number         0  ps2.o ABSOLUTE
    ..\\Src\\tm_stm32_delay.c                0x00000000   Number         0  tm_stm32_delay.o ABSOLUTE
    cdrcmple.s                               0x00000000   Number         0  cdrcmple.o ABSOLUTE
    dc.s                                     0x00000000   Number         0  dc.o ABSOLUTE
    handlers.s                               0x00000000   Number         0  handlers.o ABSOLUTE
    init.s                                   0x00000000   Number         0  init.o ABSOLUTE
    startup_stm32f407xx.s                    0x00000000   Number         0  startup_stm32f407xx.o ABSOLUTE
    RESET                                    0x08000000   Section      392  startup_stm32f407xx.o(RESET)
    .ARM.Collect$$$$00000000                 0x08000188   Section        0  entry.o(.ARM.Collect$$$$00000000)
    .ARM.Collect$$$$00000001                 0x08000188   Section        4  entry2.o(.ARM.Collect$$$$00000001)
    .ARM.Collect$$$$00000004                 0x0800018c   Section        4  entry5.o(.ARM.Collect$$$$00000004)
    .ARM.Collect$$$$00000008                 0x08000190   Section        0  entry7b.o(.ARM.Collect$$$$00000008)
    .ARM.Collect$$$$0000000A                 0x08000190   Section        0  entry8b.o(.ARM.Collect$$$$0000000A)
    .ARM.Collect$$$$0000000B                 0x08000190   Section        8  entry9a.o(.ARM.Collect$$$$0000000B)
    .ARM.Collect$$$$0000000D                 0x08000198   Section        0  entry10a.o(.ARM.Collect$$$$0000000D)
    .ARM.Collect$$$$0000000F                 0x08000198   Section        0  entry11a.o(.ARM.Collect$$$$0000000F)
    .ARM.Collect$$$$00002712                 0x08000198   Section        4  entry2.o(.ARM.Collect$$$$00002712)
    __lit__00000000                          0x08000198   Data           4  entry2.o(.ARM.Collect$$$$00002712)
    .text                                    0x0800019c   Section       36  startup_stm32f407xx.o(.text)
    $v0                                      0x0800019c   Number         0  startup_stm32f407xx.o(.text)
    .text                                    0x080001c0   Section        0  uldiv.o(.text)
    .text                                    0x08000222   Section        0  memseta.o(.text)
    .text                                    0x08000246   Section        0  llshl.o(.text)
    .text                                    0x08000264   Section        0  llushr.o(.text)
    .text                                    0x08000284   Section        0  iusefp.o(.text)
    .text                                    0x08000284   Section       36  init.o(.text)
    i.ADC_DMAConvCplt                        0x080002a8   Section        0  stm32f4xx_hal_adc.o(i.ADC_DMAConvCplt)
    ADC_DMAConvCplt                          0x080002a9   Thumb Code   110  stm32f4xx_hal_adc.o(i.ADC_DMAConvCplt)
    i.ADC_DMAError                           0x08000316   Section        0  stm32f4xx_hal_adc.o(i.ADC_DMAError)
    ADC_DMAError                             0x08000317   Thumb Code    22  stm32f4xx_hal_adc.o(i.ADC_DMAError)
    i.ADC_DMAHalfConvCplt                    0x0800032c   Section        0  stm32f4xx_hal_adc.o(i.ADC_DMAHalfConvCplt)
    ADC_DMAHalfConvCplt                      0x0800032d   Thumb Code    10  stm32f4xx_hal_adc.o(i.ADC_DMAHalfConvCplt)
    i.ADC_Init                               0x08000338   Section        0  config_adc.o(i.ADC_Init)
    i.ADC_Init                               0x080003b0   Section        0  stm32f4xx_hal_adc.o(i.ADC_Init)
    ADC_Init                                 0x080003b1   Thumb Code   284  stm32f4xx_hal_adc.o(i.ADC_Init)
    i.BusFault_Handler                       0x080004d8   Section        0  stm32f4xx_it.o(i.BusFault_Handler)
    i.Clear_Encoder_all                      0x080004dc   Section        0  config_tim.o(i.Clear_Encoder_all)
    i.DMA1_Stream1_IRQHandler                0x080004f8   Section        0  stm32f4xx_it.o(i.DMA1_Stream1_IRQHandler)
    i.DMA1_Stream2_IRQHandler                0x0800050c   Section        0  stm32f4xx_it.o(i.DMA1_Stream2_IRQHandler)
    i.DMA1_Stream5_IRQHandler                0x08000518   Section        0  stm32f4xx_it.o(i.DMA1_Stream5_IRQHandler)
    i.DMA2_Stream0_IRQHandler                0x08000534   Section        0  stm32f4xx_it.o(i.DMA2_Stream0_IRQHandler)
    i.DMA_CalcBaseAndBitshift                0x08000540   Section        0  stm32f4xx_hal_dma.o(i.DMA_CalcBaseAndBitshift)
    DMA_CalcBaseAndBitshift                  0x08000541   Thumb Code    34  stm32f4xx_hal_dma.o(i.DMA_CalcBaseAndBitshift)
    i.DMA_CheckFifoParam                     0x08000568   Section        0  stm32f4xx_hal_dma.o(i.DMA_CheckFifoParam)
    DMA_CheckFifoParam                       0x08000569   Thumb Code    84  stm32f4xx_hal_dma.o(i.DMA_CheckFifoParam)
    i.DMA_Init                               0x080005bc   Section        0  config_dma.o(i.DMA_Init)
    i.DMA_SetConfig                          0x08000628   Section        0  stm32f4xx_hal_dma.o(i.DMA_SetConfig)
    DMA_SetConfig                            0x08000629   Thumb Code    40  stm32f4xx_hal_dma.o(i.DMA_SetConfig)
    i.DebugMon_Handler                       0x08000650   Section        0  stm32f4xx_it.o(i.DebugMon_Handler)
    i.GPIO_Init                              0x08000654   Section        0  config_system.o(i.GPIO_Init)
    i.HAL_ADC_ConfigChannel                  0x08000784   Section        0  stm32f4xx_hal_adc.o(i.HAL_ADC_ConfigChannel)
    i.HAL_ADC_ConvCpltCallback               0x080008d0   Section        0  stm32f4xx_hal_adc.o(i.HAL_ADC_ConvCpltCallback)
    i.HAL_ADC_ConvHalfCpltCallback           0x080008d2   Section        0  stm32f4xx_hal_adc.o(i.HAL_ADC_ConvHalfCpltCallback)
    i.HAL_ADC_ErrorCallback                  0x080008d4   Section        0  stm32f4xx_hal_adc.o(i.HAL_ADC_ErrorCallback)
    i.HAL_ADC_Init                           0x080008d6   Section        0  stm32f4xx_hal_adc.o(i.HAL_ADC_Init)
    i.HAL_ADC_MspInit                        0x0800092c   Section        0  stm32f4xx_hal_msp.o(i.HAL_ADC_MspInit)
    i.HAL_ADC_Start_DMA                      0x080009c0   Section        0  stm32f4xx_hal_adc.o(i.HAL_ADC_Start_DMA)
    i.HAL_DMA_IRQHandler                     0x08000af0   Section        0  stm32f4xx_hal_dma.o(i.HAL_DMA_IRQHandler)
    i.HAL_DMA_Init                           0x08000c90   Section        0  stm32f4xx_hal_dma.o(i.HAL_DMA_Init)
    i.HAL_DMA_Start_IT                       0x08000d64   Section        0  stm32f4xx_hal_dma.o(i.HAL_DMA_Start_IT)
    i.HAL_Delay                              0x08000dd4   Section        0  tm_stm32_delay.o(i.HAL_Delay)
    i.HAL_GPIO_Init                          0x08000e00   Section        0  stm32f4xx_hal_gpio.o(i.HAL_GPIO_Init)
    i.HAL_GPIO_WritePin                      0x08000fb8   Section        0  stm32f4xx_hal_gpio.o(i.HAL_GPIO_WritePin)
    i.HAL_GetTick                            0x08000fc4   Section        0  tm_stm32_delay.o(i.HAL_GetTick)
    i.HAL_IncTick                            0x08000fd0   Section        0  tm_stm32_delay.o(i.HAL_IncTick)
    i.HAL_Init                               0x08001038   Section        0  stm32f4xx_hal.o(i.HAL_Init)
    i.HAL_InitTick                           0x0800106c   Section        0  stm32f4xx_hal.o(i.HAL_InitTick)
    i.HAL_MspInit                            0x080010ac   Section        0  stm32f4xx_hal_msp.o(i.HAL_MspInit)
    i.HAL_NVIC_EnableIRQ                     0x080010dc   Section        0  stm32f4xx_hal_cortex.o(i.HAL_NVIC_EnableIRQ)
    i.HAL_NVIC_SetPriority                   0x080010f8   Section        0  stm32f4xx_hal_cortex.o(i.HAL_NVIC_SetPriority)
    i.HAL_NVIC_SetPriorityGrouping           0x08001138   Section        0  stm32f4xx_hal_cortex.o(i.HAL_NVIC_SetPriorityGrouping)
    i.HAL_RCC_ClockConfig                    0x0800115c   Section        0  stm32f4xx_hal_rcc.o(i.HAL_RCC_ClockConfig)
    i.HAL_RCC_GetPCLK1Freq                   0x08001290   Section        0  stm32f4xx_hal_rcc.o(i.HAL_RCC_GetPCLK1Freq)
    i.HAL_RCC_GetPCLK2Freq                   0x080012b0   Section        0  stm32f4xx_hal_rcc.o(i.HAL_RCC_GetPCLK2Freq)
    i.HAL_RCC_GetSysClockFreq                0x080012d0   Section        0  stm32f4xx_hal_rcc.o(i.HAL_RCC_GetSysClockFreq)
    i.HAL_RCC_OscConfig                      0x08001330   Section        0  stm32f4xx_hal_rcc.o(i.HAL_RCC_OscConfig)
    i.HAL_SYSTICK_Config                     0x0800168c   Section        0  stm32f4xx_hal_cortex.o(i.HAL_SYSTICK_Config)
    i.HAL_TIMEx_BreakCallback                0x080016b4   Section        0  stm32f4xx_hal_tim_ex.o(i.HAL_TIMEx_BreakCallback)
    i.HAL_TIMEx_CommutCallback               0x080016b6   Section        0  stm32f4xx_hal_tim_ex.o(i.HAL_TIMEx_CommutCallback)
    i.HAL_TIMEx_MasterConfigSynchronization  0x080016b8   Section        0  stm32f4xx_hal_tim_ex.o(i.HAL_TIMEx_MasterConfigSynchronization)
    i.HAL_TIM_Base_Init                      0x08001748   Section        0  stm32f4xx_hal_tim.o(i.HAL_TIM_Base_Init)
    i.HAL_TIM_Base_MspInit                   0x08001780   Section        0  stm32f4xx_hal_msp.o(i.HAL_TIM_Base_MspInit)
    i.HAL_TIM_Base_Start_IT                  0x080017d8   Section        0  stm32f4xx_hal_tim.o(i.HAL_TIM_Base_Start_IT)
    i.HAL_TIM_ConfigClockSource              0x080017fa   Section        0  stm32f4xx_hal_tim.o(i.HAL_TIM_ConfigClockSource)
    i.HAL_TIM_Encoder_Init                   0x080018d0   Section        0  stm32f4xx_hal_tim.o(i.HAL_TIM_Encoder_Init)
    i.HAL_TIM_Encoder_MspInit                0x08001968   Section        0  stm32f4xx_hal_msp.o(i.HAL_TIM_Encoder_MspInit)
    i.HAL_TIM_Encoder_Start                  0x08001a30   Section        0  stm32f4xx_hal_tim.o(i.HAL_TIM_Encoder_Start)
    i.HAL_TIM_IC_CaptureCallback             0x08001a64   Section        0  stm32f4xx_hal_tim.o(i.HAL_TIM_IC_CaptureCallback)
    i.HAL_TIM_IRQHandler                     0x08001a66   Section        0  stm32f4xx_hal_tim.o(i.HAL_TIM_IRQHandler)
    i.HAL_TIM_OC_DelayElapsedCallback        0x08001bcc   Section        0  stm32f4xx_hal_tim.o(i.HAL_TIM_OC_DelayElapsedCallback)
    i.HAL_TIM_PWM_PulseFinishedCallback      0x08001bce   Section        0  stm32f4xx_hal_tim.o(i.HAL_TIM_PWM_PulseFinishedCallback)
    i.HAL_TIM_PeriodElapsedCallback          0x08001bd0   Section        0  stm32f4xx_hal_tim.o(i.HAL_TIM_PeriodElapsedCallback)
    i.HAL_TIM_TriggerCallback                0x08001bd2   Section        0  stm32f4xx_hal_tim.o(i.HAL_TIM_TriggerCallback)
    i.HAL_UART_ErrorCallback                 0x08001bd4   Section        0  stm32f4xx_hal_uart.o(i.HAL_UART_ErrorCallback)
    i.HAL_UART_Init                          0x08001bd6   Section        0  stm32f4xx_hal_uart.o(i.HAL_UART_Init)
    i.HAL_UART_MspInit                       0x08001c38   Section        0  stm32f4xx_hal_msp.o(i.HAL_UART_MspInit)
    i.HAL_UART_Receive_DMA                   0x08001dbc   Section        0  stm32f4xx_hal_uart.o(i.HAL_UART_Receive_DMA)
    i.HAL_UART_RxCpltCallback                0x08001e54   Section        0  stm32f4xx_hal_uart.o(i.HAL_UART_RxCpltCallback)
    i.HAL_UART_RxHalfCpltCallback            0x08001e56   Section        0  stm32f4xx_hal_uart.o(i.HAL_UART_RxHalfCpltCallback)
    i.HAL_UART_Transmit                      0x08001e58   Section        0  stm32f4xx_hal_uart.o(i.HAL_UART_Transmit)
    i.HardFault_Handler                      0x08001f12   Section        0  stm32f4xx_it.o(i.HardFault_Handler)
    i.MX_TIM2_Init                           0x08001f14   Section        0  config_tim.o(i.MX_TIM2_Init)
    i.MX_TIM3_Init                           0x08001f70   Section        0  config_tim.o(i.MX_TIM3_Init)
    i.MX_TIM5_Init                           0x08001fc4   Section        0  config_tim.o(i.MX_TIM5_Init)
    i.MemManage_Handler                      0x08002020   Section        0  stm32f4xx_it.o(i.MemManage_Handler)
    i.NMI_Handler                            0x08002022   Section        0  stm32f4xx_it.o(i.NMI_Handler)
    i.PendSV_Handler                         0x08002024   Section        0  stm32f4xx_it.o(i.PendSV_Handler)
    i.SVC_Handler                            0x08002026   Section        0  stm32f4xx_it.o(i.SVC_Handler)
    i.SysTick_Handler                        0x08002028   Section        0  stm32f4xx_it.o(i.SysTick_Handler)
    i.SystemClock_Config                     0x08002038   Section        0  config_system.o(i.SystemClock_Config)
    i.SystemInit                             0x080020bc   Section        0  system_stm32f4xx.o(i.SystemInit)
    i.TIM3_IRQHandler                        0x080020d8   Section        0  stm32f4xx_it.o(i.TIM3_IRQHandler)
    i.TIM_Base_SetConfig                     0x080020ec   Section        0  stm32f4xx_hal_tim.o(i.TIM_Base_SetConfig)
    i.TIM_CCxChannelCmd                      0x080021b4   Section        0  stm32f4xx_hal_tim.o(i.TIM_CCxChannelCmd)
    i.TIM_ETR_SetConfig                      0x080021ce   Section        0  stm32f4xx_hal_tim.o(i.TIM_ETR_SetConfig)
    i.TIM_ITRx_SetConfig                     0x080021e2   Section        0  stm32f4xx_hal_tim.o(i.TIM_ITRx_SetConfig)
    TIM_ITRx_SetConfig                       0x080021e3   Thumb Code    16  stm32f4xx_hal_tim.o(i.TIM_ITRx_SetConfig)
    i.TIM_TI1_ConfigInputStage               0x080021f2   Section        0  stm32f4xx_hal_tim.o(i.TIM_TI1_ConfigInputStage)
    TIM_TI1_ConfigInputStage                 0x080021f3   Thumb Code    34  stm32f4xx_hal_tim.o(i.TIM_TI1_ConfigInputStage)
    i.TIM_TI2_ConfigInputStage               0x08002214   Section        0  stm32f4xx_hal_tim.o(i.TIM_TI2_ConfigInputStage)
    TIM_TI2_ConfigInputStage                 0x08002215   Thumb Code    36  stm32f4xx_hal_tim.o(i.TIM_TI2_ConfigInputStage)
    i.TM_DELAY_1msHandler                    0x08002238   Section        0  tm_stm32_delay.o(i.TM_DELAY_1msHandler)
    i.UART2_Init                             0x0800223c   Section        0  config_uart.o(i.UART2_Init)
    i.UART3_Init                             0x08002264   Section        0  config_uart.o(i.UART3_Init)
    i.UART4_Init                             0x0800228c   Section        0  config_uart.o(i.UART4_Init)
    i.UART_DMAError                          0x080022b4   Section        0  stm32f4xx_hal_uart.o(i.UART_DMAError)
    UART_DMAError                            0x080022b5   Thumb Code    74  stm32f4xx_hal_uart.o(i.UART_DMAError)
    i.UART_DMAReceiveCplt                    0x080022fe   Section        0  stm32f4xx_hal_uart.o(i.UART_DMAReceiveCplt)
    UART_DMAReceiveCplt                      0x080022ff   Thumb Code    60  stm32f4xx_hal_uart.o(i.UART_DMAReceiveCplt)
    i.UART_DMARxHalfCplt                     0x0800233a   Section        0  stm32f4xx_hal_uart.o(i.UART_DMARxHalfCplt)
    UART_DMARxHalfCplt                       0x0800233b   Thumb Code    10  stm32f4xx_hal_uart.o(i.UART_DMARxHalfCplt)
    i.UART_EndRxTransfer                     0x08002344   Section        0  stm32f4xx_hal_uart.o(i.UART_EndRxTransfer)
    UART_EndRxTransfer                       0x08002345   Thumb Code    28  stm32f4xx_hal_uart.o(i.UART_EndRxTransfer)
    i.UART_EndTxTransfer                     0x08002360   Section        0  stm32f4xx_hal_uart.o(i.UART_EndTxTransfer)
    UART_EndTxTransfer                       0x08002361   Thumb Code    18  stm32f4xx_hal_uart.o(i.UART_EndTxTransfer)
    i.UART_SetConfig                         0x08002374   Section        0  stm32f4xx_hal_uart.o(i.UART_SetConfig)
    UART_SetConfig                           0x08002375   Thumb Code   286  stm32f4xx_hal_uart.o(i.UART_SetConfig)
    i.UART_WaitOnFlagUntilTimeout            0x0800249c   Section        0  stm32f4xx_hal_uart.o(i.UART_WaitOnFlagUntilTimeout)
    UART_WaitOnFlagUntilTimeout              0x0800249d   Thumb Code   100  stm32f4xx_hal_uart.o(i.UART_WaitOnFlagUntilTimeout)
    i.UsageFault_Handler                     0x08002500   Section        0  stm32f4xx_it.o(i.UsageFault_Handler)
    i.__NVIC_SetPriority                     0x08002502   Section        0  stm32f4xx_hal_cortex.o(i.__NVIC_SetPriority)
    __NVIC_SetPriority                       0x08002503   Thumb Code    32  stm32f4xx_hal_cortex.o(i.__NVIC_SetPriority)
    i.__hardfp_cosf                          0x08002524   Section        0  cosf.o(i.__hardfp_cosf)
    i.__mathlib_flt_infnan                   0x08002674   Section        0  funder.o(i.__mathlib_flt_infnan)
    i.__mathlib_flt_invalid                  0x0800267c   Section        0  funder.o(i.__mathlib_flt_invalid)
    i.__mathlib_rredf2                       0x0800268c   Section        0  rredf.o(i.__mathlib_rredf2)
    i.__scatterload_copy                     0x080027e0   Section       14  handlers.o(i.__scatterload_copy)
    i.__scatterload_null                     0x080027ee   Section        2  handlers.o(i.__scatterload_null)
    i.__scatterload_zeroinit                 0x080027f0   Section       14  handlers.o(i.__scatterload_zeroinit)
    i.__set_errno                            0x08002800   Section        0  errno.o(i.__set_errno)
    i.chinh_robot                            0x0800280c   Section        0  4_banh_omi.o(i.chinh_robot)
    i.config_all_tim                         0x08002878   Section        0  config_tim.o(i.config_all_tim)
    i.config_encotder                        0x0800288c   Section        0  config_tim.o(i.config_encotder)
    i.di_chuyen                              0x080028b4   Section        0  4_banh_omi.o(i.di_chuyen)
    i.dung                                   0x08002aec   Section        0  4_banh_omi.o(i.dung)
    i.gioi_han                               0x08002b24   Section        0  4_banh_omi.o(i.gioi_han)
    i.main                                   0x08002b36   Section        0  main.o(i.main)
    i.maxF4                                  0x08002b68   Section        0  4_banh_omi.o(i.maxF4)
    i.read_goc                               0x08002be0   Section        0  config_uart.o(i.read_goc)
    i.read_ps2                               0x08002c08   Section        0  config_uart.o(i.read_ps2)
    i.read_sick                              0x08002c30   Section        0  config_adc.o(i.read_sick)
    i.robot_run                              0x08002c4c   Section        0  4_banh_omi.o(i.robot_run)
    i.send_PID                               0x08002c70   Section        0  4_banh_omi.o(i.send_PID)
    i.set_motor                              0x08002c94   Section        0  4_banh_omi.o(i.set_motor)
    i.tinh_he_so                             0x08002d24   Section        0  4_banh_omi.o(i.tinh_he_so)
    i.uart_init                              0x08002d88   Section        0  config_uart.o(i.uart_init)
    .constdata                               0x08002ddc   Section        8  stm32f4xx_hal_dma.o(.constdata)
    flagBitshiftOffset                       0x08002ddc   Data           8  stm32f4xx_hal_dma.o(.constdata)
    .constdata                               0x08002de4   Section       16  system_stm32f4xx.o(.constdata)
    .constdata                               0x08002df4   Section        8  system_stm32f4xx.o(.constdata)
    .constdata                               0x08002dfc   Section       32  rredf.o(.constdata)
    twooverpi                                0x08002dfc   Data          32  rredf.o(.constdata)
    .data                                    0x20000000   Section      104  4_banh_omi.o(.data)
    .data                                    0x20000068   Section        6  config_adc.o(.data)
    .data                                    0x20000070   Section        8  config_tim.o(.data)
    .data                                    0x20000078   Section       11  config_uart.o(.data)
    .data                                    0x20000084   Section        2  config_uart.o(.data)
    .data                                    0x20000088   Section        8  tm_stm32_delay.o(.data)
    .data                                    0x20000090   Section       12  stm32f4xx_hal.o(.data)
    .data                                    0x2000009c   Section        4  system_stm32f4xx.o(.data)
    .data                                    0x200000a0   Section        4  errno.o(.data)
    _errno                                   0x200000a0   Data           4  errno.o(.data)
    .bss                                     0x200000a4   Section       72  config_adc.o(.bss)
    .bss                                     0x200000ec   Section       96  config_adc.o(.bss)
    .bss                                     0x2000014c   Section      320  config_tim.o(.bss)
    .bss                                     0x2000028c   Section      192  config_uart.o(.bss)
    .bss                                     0x2000034c   Section       96  config_uart.o(.bss)
    .bss                                     0x200003ac   Section       96  config_uart.o(.bss)
    .bss                                     0x2000040c   Section       96  config_uart.o(.bss)
    .bss                                     0x2000046c   Section       24  tm_stm32_delay.o(.bss)
    CustomTimers                             0x2000046c   Data          24  tm_stm32_delay.o(.bss)
    STACK                                    0x20000488   Section     1024  startup_stm32f407xx.o(STACK)

    Global Symbols

    Symbol Name                              Value     Ov Type        Size  Object(Section)

    BuildAttributes$$THM_ISAv4$E$P$D$K$B$S$7EM$VFPi3$EXTD16$VFPS$VFMA$PE$A:L22UL41UL21$X:L11$S22US41US21$IEEE1$IW$USESV6$~STKCKD$USESV7$~SHL$OTIME$ROPI$IEEEX$EBA8$MICROLIB$REQ8$PRES8$EABIv2 0x00000000   Number         0  anon$$obj.o ABSOLUTE
    __ARM_use_no_argv                        0x00000000   Number         0  main.o ABSOLUTE
    _printf_a                                0x00000000   Number         0  stubs.o ABSOLUTE
    _printf_c                                0x00000000   Number         0  stubs.o ABSOLUTE
    _printf_charcount                        0x00000000   Number         0  stubs.o ABSOLUTE
    _printf_d                                0x00000000   Number         0  stubs.o ABSOLUTE
    _printf_e                                0x00000000   Number         0  stubs.o ABSOLUTE
    _printf_f                                0x00000000   Number         0  stubs.o ABSOLUTE
    _printf_flags                            0x00000000   Number         0  stubs.o ABSOLUTE
    _printf_fp_dec                           0x00000000   Number         0  stubs.o ABSOLUTE
    _printf_fp_hex                           0x00000000   Number         0  stubs.o ABSOLUTE
    _printf_g                                0x00000000   Number         0  stubs.o ABSOLUTE
    _printf_i                                0x00000000   Number         0  stubs.o ABSOLUTE
    _printf_int_dec                          0x00000000   Number         0  stubs.o ABSOLUTE
    _printf_l                                0x00000000   Number         0  stubs.o ABSOLUTE
    _printf_lc                               0x00000000   Number         0  stubs.o ABSOLUTE
    _printf_ll                               0x00000000   Number         0  stubs.o ABSOLUTE
    _printf_lld                              0x00000000   Number         0  stubs.o ABSOLUTE
    _printf_lli                              0x00000000   Number         0  stubs.o ABSOLUTE
    _printf_llo                              0x00000000   Number         0  stubs.o ABSOLUTE
    _printf_llu                              0x00000000   Number         0  stubs.o ABSOLUTE
    _printf_llx                              0x00000000   Number         0  stubs.o ABSOLUTE
    _printf_longlong_dec                     0x00000000   Number         0  stubs.o ABSOLUTE
    _printf_longlong_hex                     0x00000000   Number         0  stubs.o ABSOLUTE
    _printf_longlong_oct                     0x00000000   Number         0  stubs.o ABSOLUTE
    _printf_ls                               0x00000000   Number         0  stubs.o ABSOLUTE
    _printf_mbtowc                           0x00000000   Number         0  stubs.o ABSOLUTE
    _printf_n                                0x00000000   Number         0  stubs.o ABSOLUTE
    _printf_o                                0x00000000   Number         0  stubs.o ABSOLUTE
    _printf_p                                0x00000000   Number         0  stubs.o ABSOLUTE
    _printf_percent                          0x00000000   Number         0  stubs.o ABSOLUTE
    _printf_pre_padding                      0x00000000   Number         0  stubs.o ABSOLUTE
    _printf_return_value                     0x00000000   Number         0  stubs.o ABSOLUTE
    _printf_s                                0x00000000   Number         0  stubs.o ABSOLUTE
    _printf_sizespec                         0x00000000   Number         0  stubs.o ABSOLUTE
    _printf_str                              0x00000000   Number         0  stubs.o ABSOLUTE
    _printf_truncate_signed                  0x00000000   Number         0  stubs.o ABSOLUTE
    _printf_truncate_unsigned                0x00000000   Number         0  stubs.o ABSOLUTE
    _printf_u                                0x00000000   Number         0  stubs.o ABSOLUTE
    _printf_wc                               0x00000000   Number         0  stubs.o ABSOLUTE
    _printf_wctomb                           0x00000000   Number         0  stubs.o ABSOLUTE
    _printf_widthprec                        0x00000000   Number         0  stubs.o ABSOLUTE
    _printf_x                                0x00000000   Number         0  stubs.o ABSOLUTE
    __cpp_initialize__aeabi_                  - Undefined Weak Reference
    __cxa_finalize                            - Undefined Weak Reference
    __decompress                              - Undefined Weak Reference
    _clock_init                               - Undefined Weak Reference
    _microlib_exit                            - Undefined Weak Reference
    __Vectors_Size                           0x00000188   Number         0  startup_stm32f407xx.o ABSOLUTE
    __Vectors                                0x08000000   Data           4  startup_stm32f407xx.o(RESET)
    __Vectors_End                            0x08000188   Data           0  startup_stm32f407xx.o(RESET)
    __main                                   0x08000189   Thumb Code     0  entry.o(.ARM.Collect$$$$00000000)
    _main_stk                                0x08000189   Thumb Code     0  entry2.o(.ARM.Collect$$$$00000001)
    _main_scatterload                        0x0800018d   Thumb Code     0  entry5.o(.ARM.Collect$$$$00000004)
    __main_after_scatterload                 0x08000191   Thumb Code     0  entry5.o(.ARM.Collect$$$$00000004)
    _main_clock                              0x08000191   Thumb Code     0  entry7b.o(.ARM.Collect$$$$00000008)
    _main_cpp_init                           0x08000191   Thumb Code     0  entry8b.o(.ARM.Collect$$$$0000000A)
    _main_init                               0x08000191   Thumb Code     0  entry9a.o(.ARM.Collect$$$$0000000B)
    __rt_final_cpp                           0x08000199   Thumb Code     0  entry10a.o(.ARM.Collect$$$$0000000D)
    __rt_final_exit                          0x08000199   Thumb Code     0  entry11a.o(.ARM.Collect$$$$0000000F)
    Reset_Handler                            0x0800019d   Thumb Code     8  startup_stm32f407xx.o(.text)
    ADC_IRQHandler                           0x080001b7   Thumb Code     0  startup_stm32f407xx.o(.text)
    CAN1_RX0_IRQHandler                      0x080001b7   Thumb Code     0  startup_stm32f407xx.o(.text)
    CAN1_RX1_IRQHandler                      0x080001b7   Thumb Code     0  startup_stm32f407xx.o(.text)
    CAN1_SCE_IRQHandler                      0x080001b7   Thumb Code     0  startup_stm32f407xx.o(.text)
    CAN1_TX_IRQHandler                       0x080001b7   Thumb Code     0  startup_stm32f407xx.o(.text)
    CAN2_RX0_IRQHandler                      0x080001b7   Thumb Code     0  startup_stm32f407xx.o(.text)
    CAN2_RX1_IRQHandler                      0x080001b7   Thumb Code     0  startup_stm32f407xx.o(.text)
    CAN2_SCE_IRQHandler                      0x080001b7   Thumb Code     0  startup_stm32f407xx.o(.text)
    CAN2_TX_IRQHandler                       0x080001b7   Thumb Code     0  startup_stm32f407xx.o(.text)
    DCMI_IRQHandler                          0x080001b7   Thumb Code     0  startup_stm32f407xx.o(.text)
    DMA1_Stream0_IRQHandler                  0x080001b7   Thumb Code     0  startup_stm32f407xx.o(.text)
    DMA1_Stream3_IRQHandler                  0x080001b7   Thumb Code     0  startup_stm32f407xx.o(.text)
    DMA1_Stream4_IRQHandler                  0x080001b7   Thumb Code     0  startup_stm32f407xx.o(.text)
    DMA1_Stream6_IRQHandler                  0x080001b7   Thumb Code     0  startup_stm32f407xx.o(.text)
    DMA1_Stream7_IRQHandler                  0x080001b7   Thumb Code     0  startup_stm32f407xx.o(.text)
    DMA2_Stream1_IRQHandler                  0x080001b7   Thumb Code     0  startup_stm32f407xx.o(.text)
    DMA2_Stream2_IRQHandler                  0x080001b7   Thumb Code     0  startup_stm32f407xx.o(.text)
    DMA2_Stream3_IRQHandler                  0x080001b7   Thumb Code     0  startup_stm32f407xx.o(.text)
    DMA2_Stream4_IRQHandler                  0x080001b7   Thumb Code     0  startup_stm32f407xx.o(.text)
    DMA2_Stream5_IRQHandler                  0x080001b7   Thumb Code     0  startup_stm32f407xx.o(.text)
    DMA2_Stream6_IRQHandler                  0x080001b7   Thumb Code     0  startup_stm32f407xx.o(.text)
    DMA2_Stream7_IRQHandler                  0x080001b7   Thumb Code     0  startup_stm32f407xx.o(.text)
    ETH_IRQHandler                           0x080001b7   Thumb Code     0  startup_stm32f407xx.o(.text)
    ETH_WKUP_IRQHandler                      0x080001b7   Thumb Code     0  startup_stm32f407xx.o(.text)
    EXTI0_IRQHandler                         0x080001b7   Thumb Code     0  startup_stm32f407xx.o(.text)
    EXTI15_10_IRQHandler                     0x080001b7   Thumb Code     0  startup_stm32f407xx.o(.text)
    EXTI1_IRQHandler                         0x080001b7   Thumb Code     0  startup_stm32f407xx.o(.text)
    EXTI2_IRQHandler                         0x080001b7   Thumb Code     0  startup_stm32f407xx.o(.text)
    EXTI3_IRQHandler                         0x080001b7   Thumb Code     0  startup_stm32f407xx.o(.text)
    EXTI4_IRQHandler                         0x080001b7   Thumb Code     0  startup_stm32f407xx.o(.text)
    EXTI9_5_IRQHandler                       0x080001b7   Thumb Code     0  startup_stm32f407xx.o(.text)
    FLASH_IRQHandler                         0x080001b7   Thumb Code     0  startup_stm32f407xx.o(.text)
    FMC_IRQHandler                           0x080001b7   Thumb Code     0  startup_stm32f407xx.o(.text)
    FPU_IRQHandler                           0x080001b7   Thumb Code     0  startup_stm32f407xx.o(.text)
    HASH_RNG_IRQHandler                      0x080001b7   Thumb Code     0  startup_stm32f407xx.o(.text)
    I2C1_ER_IRQHandler                       0x080001b7   Thumb Code     0  startup_stm32f407xx.o(.text)
    I2C1_EV_IRQHandler                       0x080001b7   Thumb Code     0  startup_stm32f407xx.o(.text)
    I2C2_ER_IRQHandler                       0x080001b7   Thumb Code     0  startup_stm32f407xx.o(.text)
    I2C2_EV_IRQHandler                       0x080001b7   Thumb Code     0  startup_stm32f407xx.o(.text)
    I2C3_ER_IRQHandler                       0x080001b7   Thumb Code     0  startup_stm32f407xx.o(.text)
    I2C3_EV_IRQHandler                       0x080001b7   Thumb Code     0  startup_stm32f407xx.o(.text)
    OTG_FS_IRQHandler                        0x080001b7   Thumb Code     0  startup_stm32f407xx.o(.text)
    OTG_FS_WKUP_IRQHandler                   0x080001b7   Thumb Code     0  startup_stm32f407xx.o(.text)
    OTG_HS_EP1_IN_IRQHandler                 0x080001b7   Thumb Code     0  startup_stm32f407xx.o(.text)
    OTG_HS_EP1_OUT_IRQHandler                0x080001b7   Thumb Code     0  startup_stm32f407xx.o(.text)
    OTG_HS_IRQHandler                        0x080001b7   Thumb Code     0  startup_stm32f407xx.o(.text)
    OTG_HS_WKUP_IRQHandler                   0x080001b7   Thumb Code     0  startup_stm32f407xx.o(.text)
    PVD_IRQHandler                           0x080001b7   Thumb Code     0  startup_stm32f407xx.o(.text)
    RCC_IRQHandler                           0x080001b7   Thumb Code     0  startup_stm32f407xx.o(.text)
    RTC_Alarm_IRQHandler                     0x080001b7   Thumb Code     0  startup_stm32f407xx.o(.text)
    RTC_WKUP_IRQHandler                      0x080001b7   Thumb Code     0  startup_stm32f407xx.o(.text)
    SDIO_IRQHandler                          0x080001b7   Thumb Code     0  startup_stm32f407xx.o(.text)
    SPI1_IRQHandler                          0x080001b7   Thumb Code     0  startup_stm32f407xx.o(.text)
    SPI2_IRQHandler                          0x080001b7   Thumb Code     0  startup_stm32f407xx.o(.text)
    SPI3_IRQHandler                          0x080001b7   Thumb Code     0  startup_stm32f407xx.o(.text)
    TAMP_STAMP_IRQHandler                    0x080001b7   Thumb Code     0  startup_stm32f407xx.o(.text)
    TIM1_BRK_TIM9_IRQHandler                 0x080001b7   Thumb Code     0  startup_stm32f407xx.o(.text)
    TIM1_CC_IRQHandler                       0x080001b7   Thumb Code     0  startup_stm32f407xx.o(.text)
    TIM1_TRG_COM_TIM11_IRQHandler            0x080001b7   Thumb Code     0  startup_stm32f407xx.o(.text)
    TIM1_UP_TIM10_IRQHandler                 0x080001b7   Thumb Code     0  startup_stm32f407xx.o(.text)
    TIM2_IRQHandler                          0x080001b7   Thumb Code     0  startup_stm32f407xx.o(.text)
    TIM4_IRQHandler                          0x080001b7   Thumb Code     0  startup_stm32f407xx.o(.text)
    TIM5_IRQHandler                          0x080001b7   Thumb Code     0  startup_stm32f407xx.o(.text)
    TIM6_DAC_IRQHandler                      0x080001b7   Thumb Code     0  startup_stm32f407xx.o(.text)
    TIM7_IRQHandler                          0x080001b7   Thumb Code     0  startup_stm32f407xx.o(.text)
    TIM8_BRK_TIM12_IRQHandler                0x080001b7   Thumb Code     0  startup_stm32f407xx.o(.text)
    TIM8_CC_IRQHandler                       0x080001b7   Thumb Code     0  startup_stm32f407xx.o(.text)
    TIM8_TRG_COM_TIM14_IRQHandler            0x080001b7   Thumb Code     0  startup_stm32f407xx.o(.text)
    TIM8_UP_TIM13_IRQHandler                 0x080001b7   Thumb Code     0  startup_stm32f407xx.o(.text)
    UART4_IRQHandler                         0x080001b7   Thumb Code     0  startup_stm32f407xx.o(.text)
    UART5_IRQHandler                         0x080001b7   Thumb Code     0  startup_stm32f407xx.o(.text)
    USART1_IRQHandler                        0x080001b7   Thumb Code     0  startup_stm32f407xx.o(.text)
    USART2_IRQHandler                        0x080001b7   Thumb Code     0  startup_stm32f407xx.o(.text)
    USART3_IRQHandler                        0x080001b7   Thumb Code     0  startup_stm32f407xx.o(.text)
    USART6_IRQHandler                        0x080001b7   Thumb Code     0  startup_stm32f407xx.o(.text)
    WWDG_IRQHandler                          0x080001b7   Thumb Code     0  startup_stm32f407xx.o(.text)
    __aeabi_uldivmod                         0x080001c1   Thumb Code    98  uldiv.o(.text)
    __aeabi_memset                           0x08000223   Thumb Code    14  memseta.o(.text)
    __aeabi_memset4                          0x08000223   Thumb Code     0  memseta.o(.text)
    __aeabi_memset8                          0x08000223   Thumb Code     0  memseta.o(.text)
    __aeabi_memclr                           0x08000231   Thumb Code     4  memseta.o(.text)
    __aeabi_memclr4                          0x08000231   Thumb Code     0  memseta.o(.text)
    __aeabi_memclr8                          0x08000231   Thumb Code     0  memseta.o(.text)
    _memset$wrapper                          0x08000235   Thumb Code    18  memseta.o(.text)
    __aeabi_llsl                             0x08000247   Thumb Code    30  llshl.o(.text)
    _ll_shift_l                              0x08000247   Thumb Code     0  llshl.o(.text)
    __aeabi_llsr                             0x08000265   Thumb Code    32  llushr.o(.text)
    _ll_ushift_r                             0x08000265   Thumb Code     0  llushr.o(.text)
    __I$use$fp                               0x08000285   Thumb Code     0  iusefp.o(.text)
    __scatterload                            0x08000285   Thumb Code    28  init.o(.text)
    __scatterload_rt2                        0x08000285   Thumb Code     0  init.o(.text)
    ADC_Init                                 0x08000339   Thumb Code   108  config_adc.o(i.ADC_Init)
    BusFault_Handler                         0x080004d9   Thumb Code     2  stm32f4xx_it.o(i.BusFault_Handler)
    Clear_Encoder_all                        0x080004dd   Thumb Code    20  config_tim.o(i.Clear_Encoder_all)
    DMA1_Stream1_IRQHandler                  0x080004f9   Thumb Code    16  stm32f4xx_it.o(i.DMA1_Stream1_IRQHandler)
    DMA1_Stream2_IRQHandler                  0x0800050d   Thumb Code     6  stm32f4xx_it.o(i.DMA1_Stream2_IRQHandler)
    DMA1_Stream5_IRQHandler                  0x08000519   Thumb Code    16  stm32f4xx_it.o(i.DMA1_Stream5_IRQHandler)
    DMA2_Stream0_IRQHandler                  0x08000535   Thumb Code     6  stm32f4xx_it.o(i.DMA2_Stream0_IRQHandler)
    DMA_Init                                 0x080005bd   Thumb Code   104  config_dma.o(i.DMA_Init)
    DebugMon_Handler                         0x08000651   Thumb Code     2  stm32f4xx_it.o(i.DebugMon_Handler)
    GPIO_Init                                0x08000655   Thumb Code   282  config_system.o(i.GPIO_Init)
    HAL_ADC_ConfigChannel                    0x08000785   Thumb Code   316  stm32f4xx_hal_adc.o(i.HAL_ADC_ConfigChannel)
    HAL_ADC_ConvCpltCallback                 0x080008d1   Thumb Code     2  stm32f4xx_hal_adc.o(i.HAL_ADC_ConvCpltCallback)
    HAL_ADC_ConvHalfCpltCallback             0x080008d3   Thumb Code     2  stm32f4xx_hal_adc.o(i.HAL_ADC_ConvHalfCpltCallback)
    HAL_ADC_ErrorCallback                    0x080008d5   Thumb Code     2  stm32f4xx_hal_adc.o(i.HAL_ADC_ErrorCallback)
    HAL_ADC_Init                             0x080008d7   Thumb Code    84  stm32f4xx_hal_adc.o(i.HAL_ADC_Init)
    HAL_ADC_MspInit                          0x0800092d   Thumb Code   126  stm32f4xx_hal_msp.o(i.HAL_ADC_MspInit)
    HAL_ADC_Start_DMA                        0x080009c1   Thumb Code   268  stm32f4xx_hal_adc.o(i.HAL_ADC_Start_DMA)
    HAL_DMA_IRQHandler                       0x08000af1   Thumb Code   412  stm32f4xx_hal_dma.o(i.HAL_DMA_IRQHandler)
    HAL_DMA_Init                             0x08000c91   Thumb Code   206  stm32f4xx_hal_dma.o(i.HAL_DMA_Init)
    HAL_DMA_Start_IT                         0x08000d65   Thumb Code   110  stm32f4xx_hal_dma.o(i.HAL_DMA_Start_IT)
    HAL_Delay                                0x08000dd5   Thumb Code    38  tm_stm32_delay.o(i.HAL_Delay)
    HAL_GPIO_Init                            0x08000e01   Thumb Code   394  stm32f4xx_hal_gpio.o(i.HAL_GPIO_Init)
    HAL_GPIO_WritePin                        0x08000fb9   Thumb Code    10  stm32f4xx_hal_gpio.o(i.HAL_GPIO_WritePin)
    HAL_GetTick                              0x08000fc5   Thumb Code     6  tm_stm32_delay.o(i.HAL_GetTick)
    HAL_IncTick                              0x08000fd1   Thumb Code    96  tm_stm32_delay.o(i.HAL_IncTick)
    HAL_Init                                 0x08001039   Thumb Code    48  stm32f4xx_hal.o(i.HAL_Init)
    HAL_InitTick                             0x0800106d   Thumb Code    54  stm32f4xx_hal.o(i.HAL_InitTick)
    HAL_MspInit                              0x080010ad   Thumb Code    42  stm32f4xx_hal_msp.o(i.HAL_MspInit)
    HAL_NVIC_EnableIRQ                       0x080010dd   Thumb Code    26  stm32f4xx_hal_cortex.o(i.HAL_NVIC_EnableIRQ)
    HAL_NVIC_SetPriority                     0x080010f9   Thumb Code    60  stm32f4xx_hal_cortex.o(i.HAL_NVIC_SetPriority)
    HAL_NVIC_SetPriorityGrouping             0x08001139   Thumb Code    26  stm32f4xx_hal_cortex.o(i.HAL_NVIC_SetPriorityGrouping)
    HAL_RCC_ClockConfig                      0x0800115d   Thumb Code   288  stm32f4xx_hal_rcc.o(i.HAL_RCC_ClockConfig)
    HAL_RCC_GetPCLK1Freq                     0x08001291   Thumb Code    20  stm32f4xx_hal_rcc.o(i.HAL_RCC_GetPCLK1Freq)
    HAL_RCC_GetPCLK2Freq                     0x080012b1   Thumb Code    20  stm32f4xx_hal_rcc.o(i.HAL_RCC_GetPCLK2Freq)
    HAL_RCC_GetSysClockFreq                  0x080012d1   Thumb Code    88  stm32f4xx_hal_rcc.o(i.HAL_RCC_GetSysClockFreq)
    HAL_RCC_OscConfig                        0x08001331   Thumb Code   834  stm32f4xx_hal_rcc.o(i.HAL_RCC_OscConfig)
    HAL_SYSTICK_Config                       0x0800168d   Thumb Code    40  stm32f4xx_hal_cortex.o(i.HAL_SYSTICK_Config)
    HAL_TIMEx_BreakCallback                  0x080016b5   Thumb Code     2  stm32f4xx_hal_tim_ex.o(i.HAL_TIMEx_BreakCallback)
    HAL_TIMEx_CommutCallback                 0x080016b7   Thumb Code     2  stm32f4xx_hal_tim_ex.o(i.HAL_TIMEx_CommutCallback)
    HAL_TIMEx_MasterConfigSynchronization    0x080016b9   Thumb Code   116  stm32f4xx_hal_tim_ex.o(i.HAL_TIMEx_MasterConfigSynchronization)
    HAL_TIM_Base_Init                        0x08001749   Thumb Code    54  stm32f4xx_hal_tim.o(i.HAL_TIM_Base_Init)
    HAL_TIM_Base_MspInit                     0x08001781   Thumb Code    76  stm32f4xx_hal_msp.o(i.HAL_TIM_Base_MspInit)
    HAL_TIM_Base_Start_IT                    0x080017d9   Thumb Code    34  stm32f4xx_hal_tim.o(i.HAL_TIM_Base_Start_IT)
    HAL_TIM_ConfigClockSource                0x080017fb   Thumb Code   214  stm32f4xx_hal_tim.o(i.HAL_TIM_ConfigClockSource)
    HAL_TIM_Encoder_Init                     0x080018d1   Thumb Code   152  stm32f4xx_hal_tim.o(i.HAL_TIM_Encoder_Init)
    HAL_TIM_Encoder_MspInit                  0x08001969   Thumb Code   184  stm32f4xx_hal_msp.o(i.HAL_TIM_Encoder_MspInit)
    HAL_TIM_Encoder_Start                    0x08001a31   Thumb Code    52  stm32f4xx_hal_tim.o(i.HAL_TIM_Encoder_Start)
    HAL_TIM_IC_CaptureCallback               0x08001a65   Thumb Code     2  stm32f4xx_hal_tim.o(i.HAL_TIM_IC_CaptureCallback)
    HAL_TIM_IRQHandler                       0x08001a67   Thumb Code   358  stm32f4xx_hal_tim.o(i.HAL_TIM_IRQHandler)
    HAL_TIM_OC_DelayElapsedCallback          0x08001bcd   Thumb Code     2  stm32f4xx_hal_tim.o(i.HAL_TIM_OC_DelayElapsedCallback)
    HAL_TIM_PWM_PulseFinishedCallback        0x08001bcf   Thumb Code     2  stm32f4xx_hal_tim.o(i.HAL_TIM_PWM_PulseFinishedCallback)
    HAL_TIM_PeriodElapsedCallback            0x08001bd1   Thumb Code     2  stm32f4xx_hal_tim.o(i.HAL_TIM_PeriodElapsedCallback)
    HAL_TIM_TriggerCallback                  0x08001bd3   Thumb Code     2  stm32f4xx_hal_tim.o(i.HAL_TIM_TriggerCallback)
    HAL_UART_ErrorCallback                   0x08001bd5   Thumb Code     2  stm32f4xx_hal_uart.o(i.HAL_UART_ErrorCallback)
    HAL_UART_Init                            0x08001bd7   Thumb Code    98  stm32f4xx_hal_uart.o(i.HAL_UART_Init)
    HAL_UART_MspInit                         0x08001c39   Thumb Code   342  stm32f4xx_hal_msp.o(i.HAL_UART_MspInit)
    HAL_UART_Receive_DMA                     0x08001dbd   Thumb Code   138  stm32f4xx_hal_uart.o(i.HAL_UART_Receive_DMA)
    HAL_UART_RxCpltCallback                  0x08001e55   Thumb Code     2  stm32f4xx_hal_uart.o(i.HAL_UART_RxCpltCallback)
    HAL_UART_RxHalfCpltCallback              0x08001e57   Thumb Code     2  stm32f4xx_hal_uart.o(i.HAL_UART_RxHalfCpltCallback)
    HAL_UART_Transmit                        0x08001e59   Thumb Code   186  stm32f4xx_hal_uart.o(i.HAL_UART_Transmit)
    HardFault_Handler                        0x08001f13   Thumb Code     2  stm32f4xx_it.o(i.HardFault_Handler)
    MX_TIM2_Init                             0x08001f15   Thumb Code    86  config_tim.o(i.MX_TIM2_Init)
    MX_TIM3_Init                             0x08001f71   Thumb Code    74  config_tim.o(i.MX_TIM3_Init)
    MX_TIM5_Init                             0x08001fc5   Thumb Code    84  config_tim.o(i.MX_TIM5_Init)
    MemManage_Handler                        0x08002021   Thumb Code     2  stm32f4xx_it.o(i.MemManage_Handler)
    NMI_Handler                              0x08002023   Thumb Code     2  stm32f4xx_it.o(i.NMI_Handler)
    PendSV_Handler                           0x08002025   Thumb Code     2  stm32f4xx_it.o(i.PendSV_Handler)
    SVC_Handler                              0x08002027   Thumb Code     2  stm32f4xx_it.o(i.SVC_Handler)
    SysTick_Handler                          0x08002029   Thumb Code    14  stm32f4xx_it.o(i.SysTick_Handler)
    SystemClock_Config                       0x08002039   Thumb Code   122  config_system.o(i.SystemClock_Config)
    SystemInit                               0x080020bd   Thumb Code    22  system_stm32f4xx.o(i.SystemInit)
    TIM3_IRQHandler                          0x080020d9   Thumb Code    16  stm32f4xx_it.o(i.TIM3_IRQHandler)
    TIM_Base_SetConfig                       0x080020ed   Thumb Code   156  stm32f4xx_hal_tim.o(i.TIM_Base_SetConfig)
    TIM_CCxChannelCmd                        0x080021b5   Thumb Code    26  stm32f4xx_hal_tim.o(i.TIM_CCxChannelCmd)
    TIM_ETR_SetConfig                        0x080021cf   Thumb Code    20  stm32f4xx_hal_tim.o(i.TIM_ETR_SetConfig)
    TM_DELAY_1msHandler                      0x08002239   Thumb Code     2  tm_stm32_delay.o(i.TM_DELAY_1msHandler)
    UART2_Init                               0x0800223d   Thumb Code    30  config_uart.o(i.UART2_Init)
    UART3_Init                               0x08002265   Thumb Code    30  config_uart.o(i.UART3_Init)
    UART4_Init                               0x0800228d   Thumb Code    30  config_uart.o(i.UART4_Init)
    UsageFault_Handler                       0x08002501   Thumb Code     2  stm32f4xx_it.o(i.UsageFault_Handler)
    __hardfp_cosf                            0x08002525   Thumb Code   280  cosf.o(i.__hardfp_cosf)
    __mathlib_flt_infnan                     0x08002675   Thumb Code     6  funder.o(i.__mathlib_flt_infnan)
    __mathlib_flt_invalid                    0x0800267d   Thumb Code    10  funder.o(i.__mathlib_flt_invalid)
    __mathlib_rredf2                         0x0800268d   Thumb Code   316  rredf.o(i.__mathlib_rredf2)
    __scatterload_copy                       0x080027e1   Thumb Code    14  handlers.o(i.__scatterload_copy)
    __scatterload_null                       0x080027ef   Thumb Code     2  handlers.o(i.__scatterload_null)
    __scatterload_zeroinit                   0x080027f1   Thumb Code    14  handlers.o(i.__scatterload_zeroinit)
    __set_errno                              0x08002801   Thumb Code     6  errno.o(i.__set_errno)
    chinh_robot                              0x0800280d   Thumb Code   104  4_banh_omi.o(i.chinh_robot)
    config_all_tim                           0x08002879   Thumb Code    16  config_tim.o(i.config_all_tim)
    config_encotder                          0x0800288d   Thumb Code    36  config_tim.o(i.config_encotder)
    di_chuyen                                0x080028b5   Thumb Code   556  4_banh_omi.o(i.di_chuyen)
    dung                                     0x08002aed   Thumb Code    50  4_banh_omi.o(i.dung)
    gioi_han                                 0x08002b25   Thumb Code    18  4_banh_omi.o(i.gioi_han)
    main                                     0x08002b37   Thumb Code    50  main.o(i.main)
    maxF4                                    0x08002b69   Thumb Code   118  4_banh_omi.o(i.maxF4)
    read_goc                                 0x08002be1   Thumb Code    32  config_uart.o(i.read_goc)
    read_ps2                                 0x08002c09   Thumb Code    36  config_uart.o(i.read_ps2)
    read_sick                                0x08002c31   Thumb Code    20  config_adc.o(i.read_sick)
    robot_run                                0x08002c4d   Thumb Code    32  4_banh_omi.o(i.robot_run)
    send_PID                                 0x08002c71   Thumb Code    26  4_banh_omi.o(i.send_PID)
    set_motor                                0x08002c95   Thumb Code   140  4_banh_omi.o(i.set_motor)
    tinh_he_so                               0x08002d25   Thumb Code    92  4_banh_omi.o(i.tinh_he_so)
    uart_init                                0x08002d89   Thumb Code    76  config_uart.o(i.uart_init)
    AHBPrescTable                            0x08002de4   Data          16  system_stm32f4xx.o(.constdata)
    APBPrescTable                            0x08002df4   Data           8  system_stm32f4xx.o(.constdata)
    Region$$Table$$Base                      0x08002e1c   Number         0  anon$$obj.o(Region$$Table)
    Region$$Table$$Limit                     0x08002e3c   Number         0  anon$$obj.o(Region$$Table)
    v_limit                                  0x20000000   Data           1  4_banh_omi.o(.data)
    che_do_dung                              0x20000001   Data           1  4_banh_omi.o(.data)
    he_so_gia_toc                            0x20000002   Data           1  4_banh_omi.o(.data)
    he_so_giam_toc                           0x20000003   Data           1  4_banh_omi.o(.data)
    che_do                                   0x20000004   Data           1  4_banh_omi.o(.data)
    time_khoa_banh                           0x20000006   Data           2  4_banh_omi.o(.data)
    v_A                                      0x20000008   Data           2  4_banh_omi.o(.data)
    v_B                                      0x2000000a   Data           2  4_banh_omi.o(.data)
    v_C                                      0x2000000c   Data           2  4_banh_omi.o(.data)
    v_D                                      0x2000000e   Data           2  4_banh_omi.o(.data)
    v_tinh_tien                              0x20000010   Data           2  4_banh_omi.o(.data)
    v_xoay                                   0x20000012   Data           2  4_banh_omi.o(.data)
    goc_tinh_tien                            0x20000014   Data           2  4_banh_omi.o(.data)
    goc_quay                                 0x20000016   Data           2  4_banh_omi.o(.data)
    v_thuc                                   0x20000018   Data           2  4_banh_omi.o(.data)
    v_quay                                   0x2000001a   Data           2  4_banh_omi.o(.data)
    dem_dung                                 0x2000001c   Data           2  4_banh_omi.o(.data)
    data_send_PID                            0x2000001e   Data           3  4_banh_omi.o(.data)
    radian                                   0x20000024   Data           4  4_banh_omi.o(.data)
    Kp                                       0x20000028   Data           4  4_banh_omi.o(.data)
    Ki                                       0x2000002c   Data           4  4_banh_omi.o(.data)
    Kd                                       0x20000030   Data           4  4_banh_omi.o(.data)
    v_max                                    0x20000034   Data           4  4_banh_omi.o(.data)
    value_A                                  0x20000038   Data           4  4_banh_omi.o(.data)
    value_B                                  0x2000003c   Data           4  4_banh_omi.o(.data)
    value_C                                  0x20000040   Data           4  4_banh_omi.o(.data)
    value_D                                  0x20000044   Data           4  4_banh_omi.o(.data)
    chieu_A                                  0x20000048   Data           4  4_banh_omi.o(.data)
    chieu_B                                  0x2000004c   Data           4  4_banh_omi.o(.data)
    chieu_C                                  0x20000050   Data           4  4_banh_omi.o(.data)
    chieu_D                                  0x20000054   Data           4  4_banh_omi.o(.data)
    mor_A                                    0x20000058   Data           4  4_banh_omi.o(.data)
    mor_B                                    0x2000005c   Data           4  4_banh_omi.o(.data)
    mor_C                                    0x20000060   Data           4  4_banh_omi.o(.data)
    mor_D                                    0x20000064   Data           4  4_banh_omi.o(.data)
    adc_value                                0x20000068   Data           6  config_adc.o(.data)
    en1                                      0x20000070   Data           4  config_tim.o(.data)
    en2                                      0x20000074   Data           4  config_tim.o(.data)
    reset_goc                                0x20000078   Data           1  config_uart.o(.data)
    data_ps2                                 0x20000079   Data           1  config_uart.o(.data)
    cmd_la_ban                               0x2000007a   Data           1  config_uart.o(.data)
    num                                      0x2000007b   Data           1  config_uart.o(.data)
    count                                    0x2000007c   Data           1  config_uart.o(.data)
    run                                      0x2000007d   Data           1  config_uart.o(.data)
    data_angle                               0x2000007e   Data           2  config_uart.o(.data)
    ps2                                      0x20000080   Data           3  config_uart.o(.data)
    goc                                      0x20000084   Data           2  config_uart.o(.data)
    TM_Time2                                 0x20000088   Data           4  tm_stm32_delay.o(.data)
    TM_Time                                  0x2000008c   Data           4  tm_stm32_delay.o(.data)
    uwTickFreq                               0x20000090   Data           1  stm32f4xx_hal.o(.data)
    uwTickPrio                               0x20000094   Data           4  stm32f4xx_hal.o(.data)
    uwTick                                   0x20000098   Data           4  stm32f4xx_hal.o(.data)
    SystemCoreClock                          0x2000009c   Data           4  system_stm32f4xx.o(.data)
    hadc1                                    0x200000a4   Data          72  config_adc.o(.bss)
    hdma_adc1                                0x200000ec   Data          96  config_adc.o(.bss)
    htim1                                    0x2000014c   Data          64  config_tim.o(.bss)
    htim2                                    0x2000018c   Data          64  config_tim.o(.bss)
    htim3                                    0x200001cc   Data          64  config_tim.o(.bss)
    htim5                                    0x2000020c   Data          64  config_tim.o(.bss)
    htim8                                    0x2000024c   Data          64  config_tim.o(.bss)
    huart4                                   0x2000028c   Data          64  config_uart.o(.bss)
    huart2                                   0x200002cc   Data          64  config_uart.o(.bss)
    huart3                                   0x2000030c   Data          64  config_uart.o(.bss)
    hdma_uart4_rx                            0x2000034c   Data          96  config_uart.o(.bss)
    hdma_usart2_rx                           0x200003ac   Data          96  config_uart.o(.bss)
    hdma_usart3_rx                           0x2000040c   Data          96  config_uart.o(.bss)
    __initial_sp                             0x20000888   Data           0  startup_stm32f407xx.o(STACK)



==============================================================================

Memory Map of the image

  Image Entry point : 0x08000189

  Load Region LR_IROM1 (Base: 0x08000000, Size: 0x00002ee0, Max: 0x00100000, ABSOLUTE)

    Execution Region ER_IROM1 (Exec base: 0x08000000, Load base: 0x08000000, Size: 0x00002e3c, Max: 0x00100000, ABSOLUTE)

    Exec Addr    Load Addr    Size         Type   Attr      Idx    E Section Name        Object

    0x08000000   0x08000000   0x00000188   Data   RO            3    RESET               startup_stm32f407xx.o
    0x08000188   0x08000188   0x00000000   Code   RO         3719  * .ARM.Collect$$$$00000000  mc_w.l(entry.o)
    0x08000188   0x08000188   0x00000004   Code   RO         4034    .ARM.Collect$$$$00000001  mc_w.l(entry2.o)
    0x0800018c   0x0800018c   0x00000004   Code   RO         4037    .ARM.Collect$$$$00000004  mc_w.l(entry5.o)
    0x08000190   0x08000190   0x00000000   Code   RO         4039    .ARM.Collect$$$$00000008  mc_w.l(entry7b.o)
    0x08000190   0x08000190   0x00000000   Code   RO         4041    .ARM.Collect$$$$0000000A  mc_w.l(entry8b.o)
    0x08000190   0x08000190   0x00000008   Code   RO         4042    .ARM.Collect$$$$0000000B  mc_w.l(entry9a.o)
    0x08000198   0x08000198   0x00000000   Code   RO         4044    .ARM.Collect$$$$0000000D  mc_w.l(entry10a.o)
    0x08000198   0x08000198   0x00000000   Code   RO         4046    .ARM.Collect$$$$0000000F  mc_w.l(entry11a.o)
    0x08000198   0x08000198   0x00000004   Code   RO         4035    .ARM.Collect$$$$00002712  mc_w.l(entry2.o)
    0x0800019c   0x0800019c   0x00000024   Code   RO            4    .text               startup_stm32f407xx.o
    0x080001c0   0x080001c0   0x00000062   Code   RO         3722    .text               mc_w.l(uldiv.o)
    0x08000222   0x08000222   0x00000024   Code   RO         3724    .text               mc_w.l(memseta.o)
    0x08000246   0x08000246   0x0000001e   Code   RO         4053    .text               mc_w.l(llshl.o)
    0x08000264   0x08000264   0x00000020   Code   RO         4055    .text               mc_w.l(llushr.o)
    0x08000284   0x08000284   0x00000000   Code   RO         4070    .text               mc_w.l(iusefp.o)
    0x08000284   0x08000284   0x00000024   Code   RO         4081    .text               mc_w.l(init.o)
    0x080002a8   0x080002a8   0x0000006e   Code   RO         1011    i.ADC_DMAConvCplt   stm32f4xx_hal_adc.o
    0x08000316   0x08000316   0x00000016   Code   RO         1012    i.ADC_DMAError      stm32f4xx_hal_adc.o
    0x0800032c   0x0800032c   0x0000000a   Code   RO         1013    i.ADC_DMAHalfConvCplt  stm32f4xx_hal_adc.o
    0x08000336   0x08000336   0x00000002   PAD
    0x08000338   0x08000338   0x00000078   Code   RO          224    i.ADC_Init          config_adc.o
    0x080003b0   0x080003b0   0x00000128   Code   RO         1014    i.ADC_Init          stm32f4xx_hal_adc.o
    0x080004d8   0x080004d8   0x00000002   Code   RO          570    i.BusFault_Handler  stm32f4xx_it.o
    0x080004da   0x080004da   0x00000002   PAD
    0x080004dc   0x080004dc   0x0000001c   Code   RO          324    i.Clear_Encoder_all  config_tim.o
    0x080004f8   0x080004f8   0x00000014   Code   RO          571    i.DMA1_Stream1_IRQHandler  stm32f4xx_it.o
    0x0800050c   0x0800050c   0x0000000c   Code   RO          572    i.DMA1_Stream2_IRQHandler  stm32f4xx_it.o
    0x08000518   0x08000518   0x0000001c   Code   RO          573    i.DMA1_Stream5_IRQHandler  stm32f4xx_it.o
    0x08000534   0x08000534   0x0000000c   Code   RO          574    i.DMA2_Stream0_IRQHandler  stm32f4xx_it.o
    0x08000540   0x08000540   0x00000028   Code   RO         1745    i.DMA_CalcBaseAndBitshift  stm32f4xx_hal_dma.o
    0x08000568   0x08000568   0x00000054   Code   RO         1746    i.DMA_CheckFifoParam  stm32f4xx_hal_dma.o
    0x080005bc   0x080005bc   0x0000006c   Code   RO          262    i.DMA_Init          config_dma.o
    0x08000628   0x08000628   0x00000028   Code   RO         1747    i.DMA_SetConfig     stm32f4xx_hal_dma.o
    0x08000650   0x08000650   0x00000002   Code   RO          575    i.DebugMon_Handler  stm32f4xx_it.o
    0x08000652   0x08000652   0x00000002   PAD
    0x08000654   0x08000654   0x00000130   Code   RO          289    i.GPIO_Init         config_system.o
    0x08000784   0x08000784   0x0000014c   Code   RO         1016    i.HAL_ADC_ConfigChannel  stm32f4xx_hal_adc.o
    0x080008d0   0x080008d0   0x00000002   Code   RO         1017    i.HAL_ADC_ConvCpltCallback  stm32f4xx_hal_adc.o
    0x080008d2   0x080008d2   0x00000002   Code   RO         1018    i.HAL_ADC_ConvHalfCpltCallback  stm32f4xx_hal_adc.o
    0x080008d4   0x080008d4   0x00000002   Code   RO         1020    i.HAL_ADC_ErrorCallback  stm32f4xx_hal_adc.o
    0x080008d6   0x080008d6   0x00000054   Code   RO         1025    i.HAL_ADC_Init      stm32f4xx_hal_adc.o
    0x0800092a   0x0800092a   0x00000002   PAD
    0x0800092c   0x0800092c   0x00000094   Code   RO          677    i.HAL_ADC_MspInit   stm32f4xx_hal_msp.o
    0x080009c0   0x080009c0   0x00000130   Code   RO         1032    i.HAL_ADC_Start_DMA  stm32f4xx_hal_adc.o
    0x08000af0   0x08000af0   0x000001a0   Code   RO         1753    i.HAL_DMA_IRQHandler  stm32f4xx_hal_dma.o
    0x08000c90   0x08000c90   0x000000d4   Code   RO         1754    i.HAL_DMA_Init      stm32f4xx_hal_dma.o
    0x08000d64   0x08000d64   0x0000006e   Code   RO         1758    i.HAL_DMA_Start_IT  stm32f4xx_hal_dma.o
    0x08000dd2   0x08000dd2   0x00000002   PAD
    0x08000dd4   0x08000dd4   0x0000002c   Code   RO          767    i.HAL_Delay         tm_stm32_delay.o
    0x08000e00   0x08000e00   0x000001b8   Code   RO         1641    i.HAL_GPIO_Init     stm32f4xx_hal_gpio.o
    0x08000fb8   0x08000fb8   0x0000000a   Code   RO         1645    i.HAL_GPIO_WritePin  stm32f4xx_hal_gpio.o
    0x08000fc2   0x08000fc2   0x00000002   PAD
    0x08000fc4   0x08000fc4   0x0000000c   Code   RO          768    i.HAL_GetTick       tm_stm32_delay.o
    0x08000fd0   0x08000fd0   0x00000068   Code   RO          769    i.HAL_IncTick       tm_stm32_delay.o
    0x08001038   0x08001038   0x00000034   Code   RO         2180    i.HAL_Init          stm32f4xx_hal.o
    0x0800106c   0x0800106c   0x00000040   Code   RO         2181    i.HAL_InitTick      stm32f4xx_hal.o
    0x080010ac   0x080010ac   0x00000030   Code   RO          678    i.HAL_MspInit       stm32f4xx_hal_msp.o
    0x080010dc   0x080010dc   0x0000001a   Code   RO         2030    i.HAL_NVIC_EnableIRQ  stm32f4xx_hal_cortex.o
    0x080010f6   0x080010f6   0x00000002   PAD
    0x080010f8   0x080010f8   0x00000040   Code   RO         2036    i.HAL_NVIC_SetPriority  stm32f4xx_hal_cortex.o
    0x08001138   0x08001138   0x00000024   Code   RO         2037    i.HAL_NVIC_SetPriorityGrouping  stm32f4xx_hal_cortex.o
    0x0800115c   0x0800115c   0x00000134   Code   RO         1287    i.HAL_RCC_ClockConfig  stm32f4xx_hal_rcc.o
    0x08001290   0x08001290   0x00000020   Code   RO         1294    i.HAL_RCC_GetPCLK1Freq  stm32f4xx_hal_rcc.o
    0x080012b0   0x080012b0   0x00000020   Code   RO         1295    i.HAL_RCC_GetPCLK2Freq  stm32f4xx_hal_rcc.o
    0x080012d0   0x080012d0   0x00000060   Code   RO         1296    i.HAL_RCC_GetSysClockFreq  stm32f4xx_hal_rcc.o
    0x08001330   0x08001330   0x0000035c   Code   RO         1299    i.HAL_RCC_OscConfig  stm32f4xx_hal_rcc.o
    0x0800168c   0x0800168c   0x00000028   Code   RO         2041    i.HAL_SYSTICK_Config  stm32f4xx_hal_cortex.o
    0x080016b4   0x080016b4   0x00000002   Code   RO         3095    i.HAL_TIMEx_BreakCallback  stm32f4xx_hal_tim_ex.o
    0x080016b6   0x080016b6   0x00000002   Code   RO         3096    i.HAL_TIMEx_CommutCallback  stm32f4xx_hal_tim_ex.o
    0x080016b8   0x080016b8   0x00000090   Code   RO         3113    i.HAL_TIMEx_MasterConfigSynchronization  stm32f4xx_hal_tim_ex.o
    0x08001748   0x08001748   0x00000036   Code   RO         2420    i.HAL_TIM_Base_Init  stm32f4xx_hal_tim.o
    0x0800177e   0x0800177e   0x00000002   PAD
    0x08001780   0x08001780   0x00000058   Code   RO          680    i.HAL_TIM_Base_MspInit  stm32f4xx_hal_msp.o
    0x080017d8   0x080017d8   0x00000022   Code   RO         2425    i.HAL_TIM_Base_Start_IT  stm32f4xx_hal_tim.o
    0x080017fa   0x080017fa   0x000000d6   Code   RO         2429    i.HAL_TIM_ConfigClockSource  stm32f4xx_hal_tim.o
    0x080018d0   0x080018d0   0x00000098   Code   RO         2438    i.HAL_TIM_Encoder_Init  stm32f4xx_hal_tim.o
    0x08001968   0x08001968   0x000000c8   Code   RO          682    i.HAL_TIM_Encoder_MspInit  stm32f4xx_hal_msp.o
    0x08001a30   0x08001a30   0x00000034   Code   RO         2441    i.HAL_TIM_Encoder_Start  stm32f4xx_hal_tim.o
    0x08001a64   0x08001a64   0x00000002   Code   RO         2449    i.HAL_TIM_IC_CaptureCallback  stm32f4xx_hal_tim.o
    0x08001a66   0x08001a66   0x00000166   Code   RO         2463    i.HAL_TIM_IRQHandler  stm32f4xx_hal_tim.o
    0x08001bcc   0x08001bcc   0x00000002   Code   RO         2466    i.HAL_TIM_OC_DelayElapsedCallback  stm32f4xx_hal_tim.o
    0x08001bce   0x08001bce   0x00000002   Code   RO         2493    i.HAL_TIM_PWM_PulseFinishedCallback  stm32f4xx_hal_tim.o
    0x08001bd0   0x08001bd0   0x00000002   Code   RO         2501    i.HAL_TIM_PeriodElapsedCallback  stm32f4xx_hal_tim.o
    0x08001bd2   0x08001bd2   0x00000002   Code   RO         2506    i.HAL_TIM_TriggerCallback  stm32f4xx_hal_tim.o
    0x08001bd4   0x08001bd4   0x00000002   Code   RO         3367    i.HAL_UART_ErrorCallback  stm32f4xx_hal_uart.o
    0x08001bd6   0x08001bd6   0x00000062   Code   RO         3371    i.HAL_UART_Init     stm32f4xx_hal_uart.o
    0x08001c38   0x08001c38   0x00000184   Code   RO          687    i.HAL_UART_MspInit  stm32f4xx_hal_msp.o
    0x08001dbc   0x08001dbc   0x00000098   Code   RO         3375    i.HAL_UART_Receive_DMA  stm32f4xx_hal_uart.o
    0x08001e54   0x08001e54   0x00000002   Code   RO         3377    i.HAL_UART_RxCpltCallback  stm32f4xx_hal_uart.o
    0x08001e56   0x08001e56   0x00000002   Code   RO         3378    i.HAL_UART_RxHalfCpltCallback  stm32f4xx_hal_uart.o
    0x08001e58   0x08001e58   0x000000ba   Code   RO         3379    i.HAL_UART_Transmit  stm32f4xx_hal_uart.o
    0x08001f12   0x08001f12   0x00000002   Code   RO          576    i.HardFault_Handler  stm32f4xx_it.o
    0x08001f14   0x08001f14   0x0000005c   Code   RO          326    i.MX_TIM2_Init      config_tim.o
    0x08001f70   0x08001f70   0x00000054   Code   RO          327    i.MX_TIM3_Init      config_tim.o
    0x08001fc4   0x08001fc4   0x0000005c   Code   RO          328    i.MX_TIM5_Init      config_tim.o
    0x08002020   0x08002020   0x00000002   Code   RO          577    i.MemManage_Handler  stm32f4xx_it.o
    0x08002022   0x08002022   0x00000002   Code   RO          578    i.NMI_Handler       stm32f4xx_it.o
    0x08002024   0x08002024   0x00000002   Code   RO          579    i.PendSV_Handler    stm32f4xx_it.o
    0x08002026   0x08002026   0x00000002   Code   RO          580    i.SVC_Handler       stm32f4xx_it.o
    0x08002028   0x08002028   0x0000000e   Code   RO          581    i.SysTick_Handler   stm32f4xx_it.o
    0x08002036   0x08002036   0x00000002   PAD
    0x08002038   0x08002038   0x00000084   Code   RO          290    i.SystemClock_Config  config_system.o
    0x080020bc   0x080020bc   0x0000001c   Code   RO         3673    i.SystemInit        system_stm32f4xx.o
    0x080020d8   0x080020d8   0x00000014   Code   RO          582    i.TIM3_IRQHandler   stm32f4xx_it.o
    0x080020ec   0x080020ec   0x000000c8   Code   RO         2508    i.TIM_Base_SetConfig  stm32f4xx_hal_tim.o
    0x080021b4   0x080021b4   0x0000001a   Code   RO         2509    i.TIM_CCxChannelCmd  stm32f4xx_hal_tim.o
    0x080021ce   0x080021ce   0x00000014   Code   RO         2519    i.TIM_ETR_SetConfig  stm32f4xx_hal_tim.o
    0x080021e2   0x080021e2   0x00000010   Code   RO         2520    i.TIM_ITRx_SetConfig  stm32f4xx_hal_tim.o
    0x080021f2   0x080021f2   0x00000022   Code   RO         2526    i.TIM_TI1_ConfigInputStage  stm32f4xx_hal_tim.o
    0x08002214   0x08002214   0x00000024   Code   RO         2528    i.TIM_TI2_ConfigInputStage  stm32f4xx_hal_tim.o
    0x08002238   0x08002238   0x00000002   Code   RO          770    i.TM_DELAY_1msHandler  tm_stm32_delay.o
    0x0800223a   0x0800223a   0x00000002   PAD
    0x0800223c   0x0800223c   0x00000028   Code   RO          425    i.UART2_Init        config_uart.o
    0x08002264   0x08002264   0x00000028   Code   RO          426    i.UART3_Init        config_uart.o
    0x0800228c   0x0800228c   0x00000028   Code   RO          427    i.UART4_Init        config_uart.o
    0x080022b4   0x080022b4   0x0000004a   Code   RO         3385    i.UART_DMAError     stm32f4xx_hal_uart.o
    0x080022fe   0x080022fe   0x0000003c   Code   RO         3386    i.UART_DMAReceiveCplt  stm32f4xx_hal_uart.o
    0x0800233a   0x0800233a   0x0000000a   Code   RO         3388    i.UART_DMARxHalfCplt  stm32f4xx_hal_uart.o
    0x08002344   0x08002344   0x0000001c   Code   RO         3394    i.UART_EndRxTransfer  stm32f4xx_hal_uart.o
    0x08002360   0x08002360   0x00000012   Code   RO         3395    i.UART_EndTxTransfer  stm32f4xx_hal_uart.o
    0x08002372   0x08002372   0x00000002   PAD
    0x08002374   0x08002374   0x00000128   Code   RO         3397    i.UART_SetConfig    stm32f4xx_hal_uart.o
    0x0800249c   0x0800249c   0x00000064   Code   RO         3399    i.UART_WaitOnFlagUntilTimeout  stm32f4xx_hal_uart.o
    0x08002500   0x08002500   0x00000002   Code   RO          583    i.UsageFault_Handler  stm32f4xx_it.o
    0x08002502   0x08002502   0x00000020   Code   RO         2043    i.__NVIC_SetPriority  stm32f4xx_hal_cortex.o
    0x08002522   0x08002522   0x00000002   PAD
    0x08002524   0x08002524   0x00000150   Code   RO         3707    i.__hardfp_cosf     m_wm.l(cosf.o)
    0x08002674   0x08002674   0x00000006   Code   RO         4018    i.__mathlib_flt_infnan  m_wm.l(funder.o)
    0x0800267a   0x0800267a   0x00000002   PAD
    0x0800267c   0x0800267c   0x00000010   Code   RO         4020    i.__mathlib_flt_invalid  m_wm.l(funder.o)
    0x0800268c   0x0800268c   0x00000154   Code   RO         4031    i.__mathlib_rredf2  m_wm.l(rredf.o)
    0x080027e0   0x080027e0   0x0000000e   Code   RO         4091    i.__scatterload_copy  mc_w.l(handlers.o)
    0x080027ee   0x080027ee   0x00000002   Code   RO         4092    i.__scatterload_null  mc_w.l(handlers.o)
    0x080027f0   0x080027f0   0x0000000e   Code   RO         4093    i.__scatterload_zeroinit  mc_w.l(handlers.o)
    0x080027fe   0x080027fe   0x00000002   PAD
    0x08002800   0x08002800   0x0000000c   Code   RO         4065    i.__set_errno       mc_w.l(errno.o)
    0x0800280c   0x0800280c   0x0000006c   Code   RO           13    i.chinh_robot       4_banh_omi.o
    0x08002878   0x08002878   0x00000014   Code   RO          330    i.config_all_tim    config_tim.o
    0x0800288c   0x0800288c   0x00000028   Code   RO          331    i.config_encotder   config_tim.o
    0x080028b4   0x080028b4   0x00000238   Code   RO           14    i.di_chuyen         4_banh_omi.o
    0x08002aec   0x08002aec   0x00000038   Code   RO           15    i.dung              4_banh_omi.o
    0x08002b24   0x08002b24   0x00000012   Code   RO           16    i.gioi_han          4_banh_omi.o
    0x08002b36   0x08002b36   0x00000032   Code   RO          503    i.main              main.o
    0x08002b68   0x08002b68   0x00000076   Code   RO           17    i.maxF4             4_banh_omi.o
    0x08002bde   0x08002bde   0x00000002   PAD
    0x08002be0   0x08002be0   0x00000028   Code   RO          428    i.read_goc          config_uart.o
    0x08002c08   0x08002c08   0x00000028   Code   RO          429    i.read_ps2          config_uart.o
    0x08002c30   0x08002c30   0x0000001c   Code   RO          225    i.read_sick         config_adc.o
    0x08002c4c   0x08002c4c   0x00000024   Code   RO           19    i.robot_run         4_banh_omi.o
    0x08002c70   0x08002c70   0x00000024   Code   RO           21    i.send_PID          4_banh_omi.o
    0x08002c94   0x08002c94   0x00000090   Code   RO           22    i.set_motor         4_banh_omi.o
    0x08002d24   0x08002d24   0x00000064   Code   RO           23    i.tinh_he_so        4_banh_omi.o
    0x08002d88   0x08002d88   0x00000054   Code   RO          431    i.uart_init         config_uart.o
    0x08002ddc   0x08002ddc   0x00000008   Data   RO         1760    .constdata          stm32f4xx_hal_dma.o
    0x08002de4   0x08002de4   0x00000010   Data   RO         3674    .constdata          system_stm32f4xx.o
    0x08002df4   0x08002df4   0x00000008   Data   RO         3675    .constdata          system_stm32f4xx.o
    0x08002dfc   0x08002dfc   0x00000020   Data   RO         4032    .constdata          m_wm.l(rredf.o)
    0x08002e1c   0x08002e1c   0x00000020   Data   RO         4089    Region$$Table       anon$$obj.o


    Execution Region RW_IRAM1 (Exec base: 0x20000000, Load base: 0x08002e3c, Size: 0x00000888, Max: 0x00020000, ABSOLUTE)

    Exec Addr    Load Addr    Size         Type   Attr      Idx    E Section Name        Object

    0x20000000   0x08002e3c   0x00000068   Data   RW           26    .data               4_banh_omi.o
    0x20000068   0x08002ea4   0x00000006   Data   RW          228    .data               config_adc.o
    0x2000006e   0x08002eaa   0x00000002   PAD
    0x20000070   0x08002eac   0x00000008   Data   RW          336    .data               config_tim.o
    0x20000078   0x08002eb4   0x0000000b   Data   RW          436    .data               config_uart.o
    0x20000083   0x08002ebf   0x00000001   PAD
    0x20000084   0x08002ec0   0x00000002   Data   RW          437    .data               config_uart.o
    0x20000086   0x08002ec2   0x00000002   PAD
    0x20000088   0x08002ec4   0x00000008   Data   RW          780    .data               tm_stm32_delay.o
    0x20000090   0x08002ecc   0x0000000c   Data   RW         2187    .data               stm32f4xx_hal.o
    0x2000009c   0x08002ed8   0x00000004   Data   RW         3676    .data               system_stm32f4xx.o
    0x200000a0   0x08002edc   0x00000004   Data   RW         4066    .data               mc_w.l(errno.o)
    0x200000a4        -       0x00000048   Zero   RW          226    .bss                config_adc.o
    0x200000ec        -       0x00000060   Zero   RW          227    .bss                config_adc.o
    0x2000014c        -       0x00000140   Zero   RW          335    .bss                config_tim.o
    0x2000028c        -       0x000000c0   Zero   RW          432    .bss                config_uart.o
    0x2000034c        -       0x00000060   Zero   RW          433    .bss                config_uart.o
    0x200003ac        -       0x00000060   Zero   RW          434    .bss                config_uart.o
    0x2000040c        -       0x00000060   Zero   RW          435    .bss                config_uart.o
    0x2000046c        -       0x00000018   Zero   RW          779    .bss                tm_stm32_delay.o
    0x20000484   0x08002ee0   0x00000004   PAD
    0x20000488        -       0x00000400   Zero   RW            1    STACK               startup_stm32f407xx.o


==============================================================================

Image component sizes


      Code (inc. data)   RO Data    RW Data    ZI Data      Debug   Object Name

      1184         48          0        104          0     707197   4_banh_omi.o
       148         20          0          6        168       1707   config_adc.o
       108          4          0          0          0        899   config_dma.o
       436         32          0          0          0       1909   config_system.o
       356         40          0          8        320       4168   config_tim.o
       284         50          0         13        480       4420   config_uart.o
        50          0          0          0          0        527   main.o
        36          8        392          0       1024        864   startup_stm32f407xx.o
       116         14          0         12          0       7861   stm32f4xx_hal.o
      1164         64          0          0          0       7721   stm32f4xx_hal_adc.o
       198         14          0          0          0      34127   stm32f4xx_hal_cortex.o
       902         16          8          0          0       6019   stm32f4xx_hal_dma.o
       450         46          0          0          0       2488   stm32f4xx_hal_gpio.o
       872        102          0          0          0       4540   stm32f4xx_hal_msp.o
      1328         78          0          0          0       5408   stm32f4xx_hal_rcc.o
      1206         44          0          0          0      13344   stm32f4xx_hal_tim.o
       148         28          0          0          0       2577   stm32f4xx_hal_tim_ex.o
      1028         24          0          0          0       9968   stm32f4xx_hal_uart.o
       122         32          0          0          0       6976   stm32f4xx_it.o
        28          6         24          4          0       1215   system_stm32f4xx.o
       162         20          0          8         24       9101   tm_stm32_delay.o

    ----------------------------------------------------------------------
     10352        690        456        160       2020     833036   Object Totals
         0          0         32          0          0          0   (incl. Generated)
        26          0          0          5          4          0   (incl. Padding)

    ----------------------------------------------------------------------

      Code (inc. data)   RO Data    RW Data    ZI Data      Debug   Library Member Name

       336         56          0          0          0        136   cosf.o
        22          6          0          0          0        232   funder.o
       340         24         32          0          0        160   rredf.o
         0          0          0          0          0          0   entry.o
         0          0          0          0          0          0   entry10a.o
         0          0          0          0          0          0   entry11a.o
         8          4          0          0          0          0   entry2.o
         4          0          0          0          0          0   entry5.o
         0          0          0          0          0          0   entry7b.o
         0          0          0          0          0          0   entry8b.o
         8          4          0          0          0          0   entry9a.o
        12          6          0          4          0         68   errno.o
        30          0          0          0          0          0   handlers.o
        36          8          0          0          0         68   init.o
         0          0          0          0          0          0   iusefp.o
        30          0          0          0          0         68   llshl.o
        32          0          0          0          0         68   llushr.o
        36          0          0          0          0        108   memseta.o
        98          0          0          0          0         92   uldiv.o

    ----------------------------------------------------------------------
       996        108         32          4          0       1000   Library Totals
         4          0          0          0          0          0   (incl. Padding)

    ----------------------------------------------------------------------

      Code (inc. data)   RO Data    RW Data    ZI Data      Debug   Library Name

       698         86         32          0          0        528   m_wm.l
       294         22          0          4          0        472   mc_w.l

    ----------------------------------------------------------------------
       996        108         32          4          0       1000   Library Totals

    ----------------------------------------------------------------------

==============================================================================


      Code (inc. data)   RO Data    RW Data    ZI Data      Debug   

     11348        798        488        164       2020     823336   Grand Totals
     11348        798        488        164       2020     823336   ELF Image Totals
     11348        798        488        164          0          0   ROM Totals

==============================================================================

    Total RO  Size (Code + RO Data)                11836 (  11.56kB)
    Total RW  Size (RW Data + ZI Data)              2184 (   2.13kB)
    Total ROM Size (Code + RO Data + RW Data)      12000 (  11.72kB)

==============================================================================

